Archive member included to satisfy reference by file (symbol)

/usr/lib/gcc/arm-none-eabi/12.2.0/../../../../arm-none-eabi/lib/thumb/v7e-m+fp/hard/libc_nano.a(lib_a-assert.o)
                              build/m3.o (__assert_func)
/usr/lib/gcc/arm-none-eabi/12.2.0/../../../../arm-none-eabi/lib/thumb/v7e-m+fp/hard/libc_nano.a(lib_a-atoi.o)
                              build/m3.o (atoi)
/usr/lib/gcc/arm-none-eabi/12.2.0/../../../../arm-none-eabi/lib/thumb/v7e-m+fp/hard/libc_nano.a(lib_a-errno.o)
                              build/m3.o (__errno)
/usr/lib/gcc/arm-none-eabi/12.2.0/../../../../arm-none-eabi/lib/thumb/v7e-m+fp/hard/libc_nano.a(lib_a-fprintf.o)
                              /usr/lib/gcc/arm-none-eabi/12.2.0/../../../../arm-none-eabi/lib/thumb/v7e-m+fp/hard/libc_nano.a(lib_a-assert.o) (fiprintf)
/usr/lib/gcc/arm-none-eabi/12.2.0/../../../../arm-none-eabi/lib/thumb/v7e-m+fp/hard/libc_nano.a(lib_a-impure.o)
                              /usr/lib/gcc/arm-none-eabi/12.2.0/../../../../arm-none-eabi/lib/thumb/v7e-m+fp/hard/libc_nano.a(lib_a-assert.o) (_impure_ptr)
/usr/lib/gcc/arm-none-eabi/12.2.0/../../../../arm-none-eabi/lib/thumb/v7e-m+fp/hard/libc_nano.a(lib_a-nano-vfprintf.o)
                              /usr/lib/gcc/arm-none-eabi/12.2.0/../../../../arm-none-eabi/lib/thumb/v7e-m+fp/hard/libc_nano.a(lib_a-fprintf.o) (_vfprintf_r)
/usr/lib/gcc/arm-none-eabi/12.2.0/../../../../arm-none-eabi/lib/thumb/v7e-m+fp/hard/libc_nano.a(lib_a-nano-vfprintf_i.o)
                              /usr/lib/gcc/arm-none-eabi/12.2.0/../../../../arm-none-eabi/lib/thumb/v7e-m+fp/hard/libc_nano.a(lib_a-nano-vfprintf.o) (_printf_i)
/usr/lib/gcc/arm-none-eabi/12.2.0/../../../../arm-none-eabi/lib/thumb/v7e-m+fp/hard/libc_nano.a(lib_a-printf.o)
                              build/m3.o (printf)
/usr/lib/gcc/arm-none-eabi/12.2.0/../../../../arm-none-eabi/lib/thumb/v7e-m+fp/hard/libc_nano.a(lib_a-strtol.o)
                              /usr/lib/gcc/arm-none-eabi/12.2.0/../../../../arm-none-eabi/lib/thumb/v7e-m+fp/hard/libc_nano.a(lib_a-atoi.o) (_strtol_r)
/usr/lib/gcc/arm-none-eabi/12.2.0/../../../../arm-none-eabi/lib/thumb/v7e-m+fp/hard/libc_nano.a(lib_a-wbuf.o)
                              /usr/lib/gcc/arm-none-eabi/12.2.0/../../../../arm-none-eabi/lib/thumb/v7e-m+fp/hard/libc_nano.a(lib_a-nano-vfprintf.o) (__swbuf_r)
/usr/lib/gcc/arm-none-eabi/12.2.0/../../../../arm-none-eabi/lib/thumb/v7e-m+fp/hard/libc_nano.a(lib_a-wsetup.o)
                              /usr/lib/gcc/arm-none-eabi/12.2.0/../../../../arm-none-eabi/lib/thumb/v7e-m+fp/hard/libc_nano.a(lib_a-nano-vfprintf.o) (__swsetup_r)
/usr/lib/gcc/arm-none-eabi/12.2.0/../../../../arm-none-eabi/lib/thumb/v7e-m+fp/hard/libc_nano.a(lib_a-abort.o)
                              /usr/lib/gcc/arm-none-eabi/12.2.0/../../../../arm-none-eabi/lib/thumb/v7e-m+fp/hard/libc_nano.a(lib_a-assert.o) (abort)
/usr/lib/gcc/arm-none-eabi/12.2.0/../../../../arm-none-eabi/lib/thumb/v7e-m+fp/hard/libc_nano.a(lib_a-ctype_.o)
                              /usr/lib/gcc/arm-none-eabi/12.2.0/../../../../arm-none-eabi/lib/thumb/v7e-m+fp/hard/libc_nano.a(lib_a-strtol.o) (_ctype_)
/usr/lib/gcc/arm-none-eabi/12.2.0/../../../../arm-none-eabi/lib/thumb/v7e-m+fp/hard/libc_nano.a(lib_a-fflush.o)
                              /usr/lib/gcc/arm-none-eabi/12.2.0/../../../../arm-none-eabi/lib/thumb/v7e-m+fp/hard/libc_nano.a(lib_a-wbuf.o) (_fflush_r)
/usr/lib/gcc/arm-none-eabi/12.2.0/../../../../arm-none-eabi/lib/thumb/v7e-m+fp/hard/libc_nano.a(lib_a-findfp.o)
                              /usr/lib/gcc/arm-none-eabi/12.2.0/../../../../arm-none-eabi/lib/thumb/v7e-m+fp/hard/libc_nano.a(lib_a-nano-vfprintf.o) (__sinit)
/usr/lib/gcc/arm-none-eabi/12.2.0/../../../../arm-none-eabi/lib/thumb/v7e-m+fp/hard/libc_nano.a(lib_a-fvwrite.o)
                              /usr/lib/gcc/arm-none-eabi/12.2.0/../../../../arm-none-eabi/lib/thumb/v7e-m+fp/hard/libc_nano.a(lib_a-nano-vfprintf.o) (__sfvwrite_r)
/usr/lib/gcc/arm-none-eabi/12.2.0/../../../../arm-none-eabi/lib/thumb/v7e-m+fp/hard/libc_nano.a(lib_a-fwalk.o)
                              /usr/lib/gcc/arm-none-eabi/12.2.0/../../../../arm-none-eabi/lib/thumb/v7e-m+fp/hard/libc_nano.a(lib_a-findfp.o) (_fwalk)
/usr/lib/gcc/arm-none-eabi/12.2.0/../../../../arm-none-eabi/lib/thumb/v7e-m+fp/hard/libc_nano.a(lib_a-lock.o)
                              /usr/lib/gcc/arm-none-eabi/12.2.0/../../../../arm-none-eabi/lib/thumb/v7e-m+fp/hard/libc_nano.a(lib_a-findfp.o) (__retarget_lock_init_recursive)
/usr/lib/gcc/arm-none-eabi/12.2.0/../../../../arm-none-eabi/lib/thumb/v7e-m+fp/hard/libc_nano.a(lib_a-makebuf.o)
                              /usr/lib/gcc/arm-none-eabi/12.2.0/../../../../arm-none-eabi/lib/thumb/v7e-m+fp/hard/libc_nano.a(lib_a-wsetup.o) (__smakebuf_r)
/usr/lib/gcc/arm-none-eabi/12.2.0/../../../../arm-none-eabi/lib/thumb/v7e-m+fp/hard/libc_nano.a(lib_a-memchr.o)
[...]
Memory Configuration

Name             Origin             Length             Attributes
rom              0x08000000         0x0003e800         xr
ram              0x20000000         0x00028000         xrw
*default*        0x00000000         0xffffffff

Linker script and memory map

LOAD build/m3.o
LOAD /usr/lib/gcc/arm-none-eabi/12.2.0/../../../../arm-none-eabi/lib/thumb/v7e-m+fp/hard/libc_nano.a
LOAD /usr/lib/gcc/arm-none-eabi/12.2.0/../../../../arm-none-eabi/lib/thumb/v7e-m+fp/hard/libm.a
LOAD /usr/lib/gcc/arm-none-eabi/12.2.0/../../../../arm-none-eabi/lib/thumb/v7e-m+fp/hard/libnosys.a
LOAD /home/tatew/libopencm3/lib/libopencm3_stm32l4.a
START GROUP
LOAD /usr/lib/gcc/arm-none-eabi/12.2.0/thumb/v7e-m+fp/hard/libgcc.a
LOAD /usr/lib/gcc/arm-none-eabi/12.2.0/../../../../arm-none-eabi/lib/thumb/v7e-m+fp/hard/libc_nano.a
END GROUP
START GROUP
LOAD /usr/lib/gcc/arm-none-eabi/12.2.0/thumb/v7e-m+fp/hard/libgcc.a
LOAD /usr/lib/gcc/arm-none-eabi/12.2.0/../../../../arm-none-eabi/lib/thumb/v7e-m+fp/hard/libc_nano.a
LOAD /usr/lib/gcc/arm-none-eabi/12.2.0/../../../../arm-none-eabi/lib/thumb/v7e-m+fp/hard/libnosys.a
END GROUP
START GROUP
LOAD /usr/lib/gcc/arm-none-eabi/12.2.0/thumb/v7e-m+fp/hard/libgcc.a
LOAD /usr/lib/gcc/arm-none-eabi/12.2.0/../../../../arm-none-eabi/lib/thumb/v7e-m+fp/hard/libc_nano.a
LOAD /usr/lib/gcc/arm-none-eabi/12.2.0/../../../../arm-none-eabi/lib/thumb/v7e-m+fp/hard/libnosys.a
END GROUP

.text           0x08000000     0x210c
 *(.vectors)
 .vectors       0x08000000      0x1ac /home/tatew/libopencm3/lib/libopencm3_stm32l4.a(vector.o)
                0x08000000                vector_table
 *(.text*)
 .text.advancePointer
                0x080001ac       0x5c build/m3.o
 .text.backPointer
                0x08000208       0x38 build/m3.o
 .text.clock_enable
                0x08000240       0x46 build/m3.o
 *fill*         0x08000286        0x2 
 .text.usart_setup
                0x08000288       0x84 build/m3.o
 .text.timer_setup
                0x0800030c       0x3e build/m3.o
 *fill*         0x0800034a        0x2 
 .text.circbuffer_reset
                0x0800034c       0x28 build/m3.o
                0x0800034c                circbuffer_reset
 .text.bufferIsEmpty
                0x08000374       0x34 build/m3.o
                0x08000374                bufferIsEmpty
 .text.circbuffer_init
                0x080003a8       0x44 build/m3.o
                0x080003a8                circbuffer_init
 .text.circbuffer_queue
                0x080003ec       0x30 build/m3.o
                0x080003ec                circbuffer_queue
 .text.circbuffer_dequeue
                0x0800041c       0x60 build/m3.o
                0x0800041c                circbuffer_dequeue
 .text.convertCaps
                0x0800047c       0x12 build/m3.o
                0x0800047c                convertCaps
 *fill*         0x0800048e        0x2 
 .text.encrypt  0x08000490       0x40 build/m3.o
                0x08000490                encrypt
 .text.decrypt  0x080004d0       0x4c build/m3.o
                0x080004d0                decrypt
 .text._write   0x0800051c       0x44 build/m3.o
                0x0800051c                _write
 .text.cipherHandler
                0x08000560       0x58 build/m3.o
                0x08000560                cipherHandler
 .text.fixPeriod
                0x080005b8       0x44 build/m3.o
                0x080005b8                fixPeriod
 .text.charHandler
                0x080005fc      0x1ac build/m3.o
                0x080005fc                charHandler
 .text.main     0x080007a8       0x8c build/m3.o
                0x080007a8                main
 .text.__assert_func
                0x08000834       0x3c /usr/lib/gcc/arm-none-eabi/12.2.0/../../../../arm-none-eabi/lib/thumb/v7e-m+fp/hard/libc_nano.a(lib_a-assert.o)
                0x08000834                __assert_func
 .text.atoi     0x08000870        0x8 /usr/lib/gcc/arm-none-eabi/12.2.0/../../../../arm-none-eabi/lib/thumb/v7e-m+fp/hard/libc_nano.a(lib_a-atoi.o)
                0x08000870                atoi
 .text.__errno  0x08000878        0xc /usr/lib/gcc/arm-none-eabi/12.2.0/../../../../arm-none-eabi/lib/thumb/v7e-m+fp/hard/libc_nano.a(lib_a-errno.o)
                0x08000878                __errno
 .text.fprintf  0x08000884       0x24 /usr/lib/gcc/arm-none-eabi/12.2.0/../../../../arm-none-eabi/lib/thumb/v7e-m+fp/hard/libc_nano.a(lib_a-fprintf.o)
                0x08000884                fprintf
                0x08000884                fiprintf
 .text.__sfputc_r
                0x080008a8       0x2e /usr/lib/gcc/arm-none-eabi/12.2.0/../../../../arm-none-eabi/lib/thumb/v7e-m+fp/hard/libc_nano.a(lib_a-nano-vfprintf.o)
 .text.__sfputs_r
                0x080008d6       0x24 /usr/lib/gcc/arm-none-eabi/12.2.0/../../../../arm-none-eabi/lib/thumb/v7e-m+fp/hard/libc_nano.a(lib_a-nano-vfprintf.o)
                0x080008d6                __sfputs_r
 *fill*         0x080008fa        0x2 
 .text._vfprintf_r
                0x080008fc      0x25c /usr/lib/gcc/arm-none-eabi/12.2.0/../../../../arm-none-eabi/lib/thumb/v7e-m+fp/hard/libc_nano.a(lib_a-nano-vfprintf.o)
                0x080008fc                _vfiprintf_r
                0x080008fc                _vfprintf_r
 .text._printf_common
                0x08000b58       0xda /usr/lib/gcc/arm-none-eabi/12.2.0/../../../../arm-none-eabi/lib/thumb/v7e-m+fp/hard/libc_nano.a(lib_a-nano-vfprintf_i.o)
                0x08000b58                _printf_common
 *fill*         0x08000c32        0x2 
 .text._printf_i
                0x08000c34      0x244 /usr/lib/gcc/arm-none-eabi/12.2.0/../../../../arm-none-eabi/lib/thumb/v7e-m+fp/hard/libc_nano.a(lib_a-nano-vfprintf_i.o)
                0x08000c34                _printf_i
 .text.printf   0x08000e78       0x30 /usr/lib/gcc/arm-none-eabi/12.2.0/../../../../arm-none-eabi/lib/thumb/v7e-m+fp/hard/libc_nano.a(lib_a-printf.o)
                0x08000e78                printf
                0x08000e78                iprintf
 .text._strtol_l.constprop.0
                0x08000ea8      0x104 /usr/lib/gcc/arm-none-eabi/12.2.0/../../../../arm-none-eabi/lib/thumb/v7e-m+fp/hard/libc_nano.a(lib_a-strtol.o)
 .text.strtol   0x08000fac       0x14 /usr/lib/gcc/arm-none-eabi/12.2.0/../../../../arm-none-eabi/lib/thumb/v7e-m+fp/hard/libc_nano.a(lib_a-strtol.o)
                0x08000fac                strtol
 .text.__swbuf_r
                0x08000fc0       0xa4 /usr/lib/gcc/arm-none-eabi/12.2.0/../../../../arm-none-eabi/lib/thumb/v7e-m+fp/hard/libc_nano.a(lib_a-wbuf.o)
                0x08000fc0                __swbuf_r
 .text.__swsetup_r
                0x08001064       0xdc /usr/lib/gcc/arm-none-eabi/12.2.0/../../../../arm-none-eabi/lib/thumb/v7e-m+fp/hard/libc_nano.a(lib_a-wsetup.o)
                0x08001064                __swsetup_r
 .text.abort    0x08001140        0xe /usr/lib/gcc/arm-none-eabi/12.2.0/../../../../arm-none-eabi/lib/thumb/v7e-m+fp/hard/libc_nano.a(lib_a-abort.o)
                0x08001140                abort
 *fill*         0x0800114e        0x2 
 .text.__sflush_r
                0x08001150      0x10c /usr/lib/gcc/arm-none-eabi/12.2.0/../../../../arm-none-eabi/lib/thumb/v7e-m+fp/hard/libc_nano.a(lib_a-fflush.o)
                0x08001150                __sflush_r
 .text._fflush_r
                0x0800125c       0x78 /usr/lib/gcc/arm-none-eabi/12.2.0/../../../../arm-none-eabi/lib/thumb/v7e-m+fp/hard/libc_nano.a(lib_a-fflush.o)
                0x0800125c                _fflush_r
 .text.std      0x080012d4       0x48 /usr/lib/gcc/arm-none-eabi/12.2.0/../../../../arm-none-eabi/lib/thumb/v7e-m+fp/hard/libc_nano.a(lib_a-findfp.o)
 .text._cleanup_r
                0x0800131c        0xc /usr/lib/gcc/arm-none-eabi/12.2.0/../../../../arm-none-eabi/lib/thumb/v7e-m+fp/hard/libc_nano.a(lib_a-findfp.o)
                0x0800131c                _cleanup_r
 .text.__sfmoreglue
                0x08001328       0x2c /usr/lib/gcc/arm-none-eabi/12.2.0/../../../../arm-none-eabi/lib/thumb/v7e-m+fp/hard/libc_nano.a(lib_a-findfp.o)
                0x08001328                __sfmoreglue
 .text.__sfp_lock_acquire
                0x08001354        0xc /usr/lib/gcc/arm-none-eabi/12.2.0/../../../../arm-none-eabi/lib/thumb/v7e-m+fp/hard/libc_nano.a(lib_a-findfp.o)
                0x08001354                __sfp_lock_acquire
 .text.__sfp_lock_release
                0x08001360        0xc /usr/lib/gcc/arm-none-eabi/12.2.0/../../../../arm-none-eabi/lib/thumb/v7e-m+fp/hard/libc_nano.a(lib_a-findfp.o)
                0x08001360                __sfp_lock_release
 .text.__sinit_lock_acquire
                0x0800136c        0xc /usr/lib/gcc/arm-none-eabi/12.2.0/../../../../arm-none-eabi/lib/thumb/v7e-m+fp/hard/libc_nano.a(lib_a-findfp.o)
                0x0800136c                __sinit_lock_acquire
 .text.__sinit_lock_release
                0x08001378        0xc /usr/lib/gcc/arm-none-eabi/12.2.0/../../../../arm-none-eabi/lib/thumb/v7e-m+fp/hard/libc_nano.a(lib_a-findfp.o)
                0x08001378                __sinit_lock_release
 .text.__sinit  0x08001384       0x70 /usr/lib/gcc/arm-none-eabi/12.2.0/../../../../arm-none-eabi/lib/thumb/v7e-m+fp/hard/libc_nano.a(lib_a-findfp.o)
                0x08001384                __sinit
 .text.__sfp    0x080013f4       0x8c /usr/lib/gcc/arm-none-eabi/12.2.0/../../../../arm-none-eabi/lib/thumb/v7e-m+fp/hard/libc_nano.a(lib_a-findfp.o)
                0x080013f4                __sfp
 .text._fwalk_reent
                0x08001480       0x3e /usr/lib/gcc/arm-none-eabi/12.2.0/../../../../arm-none-eabi/lib/thumb/v7e-m+fp/hard/libc_nano.a(lib_a-fwalk.o)
                0x08001480                _fwalk_reent
 .text.__retarget_lock_init_recursive
                0x080014be        0x2 /usr/lib/gcc/arm-none-eabi/12.2.0/../../../../arm-none-eabi/lib/thumb/v7e-m+fp/hard/libc_nano.a(lib_a-lock.o)
                0x080014be                __retarget_lock_init_recursive
 .text.__retarget_lock_acquire_recursive
                0x080014c0        0x2 /usr/lib/gcc/arm-none-eabi/12.2.0/../../../../arm-none-eabi/lib/thumb/v7e-m+fp/hard/libc_nano.a(lib_a-lock.o)
                0x080014c0                __retarget_lock_acquire_recursive
 .text.__retarget_lock_release_recursive
                0x080014c2        0x2 /usr/lib/gcc/arm-none-eabi/12.2.0/../../../../arm-none-eabi/lib/thumb/v7e-m+fp/hard/libc_nano.a(lib_a-lock.o)
                0x080014c2                __retarget_lock_release_recursive
 .text.__swhatbuf_r
                0x080014c4       0x4c /usr/lib/gcc/arm-none-eabi/12.2.0/../../../../arm-none-eabi/lib/thumb/v7e-m+fp/hard/libc_nano.a(lib_a-makebuf.o)
                0x080014c4                __swhatbuf_r
 .text.__smakebuf_r
                0x08001510       0x80 /usr/lib/gcc/arm-none-eabi/12.2.0/../../../../arm-none-eabi/lib/thumb/v7e-m+fp/hard/libc_nano.a(lib_a-makebuf.o)
                0x08001510                __smakebuf_r
 .text          0x08001590       0xa0 /usr/lib/gcc/arm-none-eabi/12.2.0/../../../../arm-none-eabi/lib/thumb/v7e-m+fp/hard/libc_nano.a(lib_a-memchr.o)
                0x08001590                memchr
 .text.memset   0x08001630       0x10 /usr/lib/gcc/arm-none-eabi/12.2.0/../../../../arm-none-eabi/lib/thumb/v7e-m+fp/hard/libc_nano.a(lib_a-memset.o)
                0x08001630                memset
 .text._free_r  0x08001640       0x98 /usr/lib/gcc/arm-none-eabi/12.2.0/../../../../arm-none-eabi/lib/thumb/v7e-m+fp/hard/libc_nano.a(lib_a-nano-freer.o)
                0x08001640                _free_r
 .text._malloc_r
                0x080016d8       0xb4 /usr/lib/gcc/arm-none-eabi/12.2.0/../../../../arm-none-eabi/lib/thumb/v7e-m+fp/hard/libc_nano.a(lib_a-nano-mallocr.o)
                0x080016d8                _malloc_r
 .text._sbrk_r  0x0800178c       0x20 /usr/lib/gcc/arm-none-eabi/12.2.0/../../../../arm-none-eabi/lib/thumb/v7e-m+fp/hard/libc_nano.a(lib_a-sbrkr.o)
                0x0800178c                _sbrk_r
 .text._raise_r
                0x080017ac       0x50 /usr/lib/gcc/arm-none-eabi/12.2.0/../../../../arm-none-eabi/lib/thumb/v7e-m+fp/hard/libc_nano.a(lib_a-signal.o)
                0x080017ac                _raise_r
 .text.raise    0x080017fc       0x10 /usr/lib/gcc/arm-none-eabi/12.2.0/../../../../arm-none-eabi/lib/thumb/v7e-m+fp/hard/libc_nano.a(lib_a-signal.o)
                0x080017fc                raise
 .text._kill_r  0x0800180c       0x24 /usr/lib/gcc/arm-none-eabi/12.2.0/../../../../arm-none-eabi/lib/thumb/v7e-m+fp/hard/libc_nano.a(lib_a-signalr.o)
                0x0800180c                _kill_r
 .text._getpid_r
                0x08001830        0x4 /usr/lib/gcc/arm-none-eabi/12.2.0/../../../../arm-none-eabi/lib/thumb/v7e-m+fp/hard/libc_nano.a(lib_a-signalr.o)
                0x08001830                _getpid_r
 .text.__sread  0x08001834       0x22 /usr/lib/gcc/arm-none-eabi/12.2.0/../../../../arm-none-eabi/lib/thumb/v7e-m+fp/hard/libc_nano.a(lib_a-stdio.o)
                0x08001834                __sread
 .text.__swrite
                0x08001856       0x38 /usr/lib/gcc/arm-none-eabi/12.2.0/../../../../arm-none-eabi/lib/thumb/v7e-m+fp/hard/libc_nano.a(lib_a-stdio.o)
                0x08001856                __swrite
 .text.__sseek  0x0800188e       0x24 /usr/lib/gcc/arm-none-eabi/12.2.0/../../../../arm-none-eabi/lib/thumb/v7e-m+fp/hard/libc_nano.a(lib_a-stdio.o)
                0x0800188e                __sseek
 .text.__sclose
                0x080018b2        0x8 /usr/lib/gcc/arm-none-eabi/12.2.0/../../../../arm-none-eabi/lib/thumb/v7e-m+fp/hard/libc_nano.a(lib_a-stdio.o)
                0x080018b2                __sclose
 *fill*         0x080018ba        0x2 
 .text._write_r
                0x080018bc       0x24 /usr/lib/gcc/arm-none-eabi/12.2.0/../../../../arm-none-eabi/lib/thumb/v7e-m+fp/hard/libc_nano.a(lib_a-writer.o)
                0x080018bc                _write_r
 .text._close_r
                0x080018e0       0x20 /usr/lib/gcc/arm-none-eabi/12.2.0/../../../../arm-none-eabi/lib/thumb/v7e-m+fp/hard/libc_nano.a(lib_a-closer.o)
                0x080018e0                _close_r
 .text._fstat_r
                0x08001900       0x24 /usr/lib/gcc/arm-none-eabi/12.2.0/../../../../arm-none-eabi/lib/thumb/v7e-m+fp/hard/libc_nano.a(lib_a-fstatr.o)
                0x08001900                _fstat_r
 .text._isatty_r
                0x08001924       0x20 /usr/lib/gcc/arm-none-eabi/12.2.0/../../../../arm-none-eabi/lib/thumb/v7e-m+fp/hard/libc_nano.a(lib_a-isattyr.o)
                0x08001924                _isatty_r
 .text._lseek_r
                0x08001944       0x24 /usr/lib/gcc/arm-none-eabi/12.2.0/../../../../arm-none-eabi/lib/thumb/v7e-m+fp/hard/libc_nano.a(lib_a-lseekr.o)
                0x08001944                _lseek_r
 .text.__malloc_lock
                0x08001968        0xc /usr/lib/gcc/arm-none-eabi/12.2.0/../../../../arm-none-eabi/lib/thumb/v7e-m+fp/hard/libc_nano.a(lib_a-mlock.o)
                0x08001968                __malloc_lock
 .text.__malloc_unlock
                0x08001974        0xc /usr/lib/gcc/arm-none-eabi/12.2.0/../../../../arm-none-eabi/lib/thumb/v7e-m+fp/hard/libc_nano.a(lib_a-mlock.o)
                0x08001974                __malloc_unlock
 .text._read_r  0x08001980       0x24 /usr/lib/gcc/arm-none-eabi/12.2.0/../../../../arm-none-eabi/lib/thumb/v7e-m+fp/hard/libc_nano.a(lib_a-readr.o)
                0x08001980                _read_r
 .text._close   0x080019a4       0x10 /usr/lib/gcc/arm-none-eabi/12.2.0/../../../../arm-none-eabi/lib/thumb/v7e-m+fp/hard/libnosys.a(close.o)
                0x080019a4                _close
 .text._fstat   0x080019b4       0x10 /usr/lib/gcc/arm-none-eabi/12.2.0/../../../../arm-none-eabi/lib/thumb/v7e-m+fp/hard/libnosys.a(fstat.o)
                0x080019b4                _fstat
 .text._getpid  0x080019c4       0x10 /usr/lib/gcc/arm-none-eabi/12.2.0/../../../../arm-none-eabi/lib/thumb/v7e-m+fp/hard/libnosys.a(getpid.o)
                0x080019c4                _getpid
 .text._isatty  0x080019d4       0x10 /usr/lib/gcc/arm-none-eabi/12.2.0/../../../../arm-none-eabi/lib/thumb/v7e-m+fp/hard/libnosys.a(isatty.o)
                0x080019d4                _isatty
 .text._kill    0x080019e4       0x10 /usr/lib/gcc/arm-none-eabi/12.2.0/../../../../arm-none-eabi/lib/thumb/v7e-m+fp/hard/libnosys.a(kill.o)
                0x080019e4                _kill
 .text._lseek   0x080019f4       0x10 /usr/lib/gcc/arm-none-eabi/12.2.0/../../../../arm-none-eabi/lib/thumb/v7e-m+fp/hard/libnosys.a(lseek.o)
                0x080019f4                _lseek
 .text._read    0x08001a04       0x10 /usr/lib/gcc/arm-none-eabi/12.2.0/../../../../arm-none-eabi/lib/thumb/v7e-m+fp/hard/libnosys.a(read.o)
                0x08001a04                _read
 .text._sbrk    0x08001a14       0x1c /usr/lib/gcc/arm-none-eabi/12.2.0/../../../../arm-none-eabi/lib/thumb/v7e-m+fp/hard/libnosys.a(sbrk.o)
                0x08001a14                _sbrk
 .text._exit    0x08001a30        0x4 /usr/lib/gcc/arm-none-eabi/12.2.0/../../../../arm-none-eabi/lib/thumb/v7e-m+fp/hard/libnosys.a(_exit.o)
                0x08001a30                _exit
 .text.gpio_get
                0x08001a34        0x6 /home/tatew/libopencm3/lib/libopencm3_stm32l4.a(gpio_common_all.o)
                0x08001a34                gpio_get
 .text.gpio_mode_setup
                0x08001a3a       0x40 /home/tatew/libopencm3/lib/libopencm3_stm32l4.a(gpio_common_f0234.o)
                0x08001a3a                gpio_mode_setup
 .text.gpio_set_af
                0x08001a7a       0x58 /home/tatew/libopencm3/lib/libopencm3_stm32l4.a(gpio_common_f0234.o)
                0x08001a7a                gpio_set_af
 *fill*         0x08001ad2        0x2 
 .text.rcc_uart_i2c_clksel_freq_hz
                0x08001ad4       0x40 /home/tatew/libopencm3/lib/libopencm3_stm32l4.a(rcc.o)
 .text.rcc_osc_on
                0x08001b14       0x70 /home/tatew/libopencm3/lib/libopencm3_stm32l4.a(rcc.o)
                0x08001b14                rcc_osc_on
 .text.rcc_set_main_pll
                0x08001b84       0x28 /home/tatew/libopencm3/lib/libopencm3_stm32l4.a(rcc.o)
                0x08001b84                rcc_set_main_pll
 .text.rcc_get_usart_clk_freq
                0x08001bac       0x78 /home/tatew/libopencm3/lib/libopencm3_stm32l4.a(rcc.o)
                0x08001bac                rcc_get_usart_clk_freq
 .text.rcc_periph_clock_enable
                0x08001c24       0x1a /home/tatew/libopencm3/lib/libopencm3_stm32l4.a(rcc_common_all.o)
                0x08001c24                rcc_periph_clock_enable
 .text.rcc_periph_reset_pulse
                0x08001c3e       0x22 /home/tatew/libopencm3/lib/libopencm3_stm32l4.a(rcc_common_all.o)
                0x08001c3e                rcc_periph_reset_pulse
 .text.rcc_get_div_from_hpre
                0x08001c60       0x18 /home/tatew/libopencm3/lib/libopencm3_stm32l4.a(rcc_common_all.o)
                0x08001c60                rcc_get_div_from_hpre
 .text.timer_enable_irq
                0x08001c78        0x8 /home/tatew/libopencm3/lib/libopencm3_stm32l4.a(timer_common_all.o)
                0x08001c78                timer_enable_irq
 .text.timer_enable_counter
                0x08001c80        0xa /home/tatew/libopencm3/lib/libopencm3_stm32l4.a(timer_common_all.o)
                0x08001c80                timer_enable_counter
 .text.timer_set_prescaler
                0x08001c8a        0x4 /home/tatew/libopencm3/lib/libopencm3_stm32l4.a(timer_common_all.o)
                0x08001c8a                timer_set_prescaler
 .text.timer_set_period
                0x08001c8e        0x4 /home/tatew/libopencm3/lib/libopencm3_stm32l4.a(timer_common_all.o)
                0x08001c8e                timer_set_period
 *fill*         0x08001c92        0x2 
 .text.usart_set_baudrate
                0x08001c94       0x3c /home/tatew/libopencm3/lib/libopencm3_stm32l4.a(usart_common_all.o)
                0x08001c94                usart_set_baudrate
 .text.usart_set_databits
                0x08001cd0       0x12 /home/tatew/libopencm3/lib/libopencm3_stm32l4.a(usart_common_all.o)
                0x08001cd0                usart_set_databits
 .text.usart_set_stopbits
                0x08001ce2        0xc /home/tatew/libopencm3/lib/libopencm3_stm32l4.a(usart_common_all.o)
                0x08001ce2                usart_set_stopbits
 .text.usart_set_parity
                0x08001cee        0xc /home/tatew/libopencm3/lib/libopencm3_stm32l4.a(usart_common_all.o)
                0x08001cee                usart_set_parity
 .text.usart_set_mode
                0x08001cfa        0xc /home/tatew/libopencm3/lib/libopencm3_stm32l4.a(usart_common_all.o)
                0x08001cfa                usart_set_mode
 .text.usart_set_flow_control
                0x08001d06        0xc /home/tatew/libopencm3/lib/libopencm3_stm32l4.a(usart_common_all.o)
                0x08001d06                usart_set_flow_control
 .text.usart_enable
                0x08001d12        0xa /home/tatew/libopencm3/lib/libopencm3_stm32l4.a(usart_common_all.o)
                0x08001d12                usart_enable
 .text.usart_send_blocking
                0x08001d1c       0x16 /home/tatew/libopencm3/lib/libopencm3_stm32l4.a(usart_common_all.o)
                0x08001d1c                usart_send_blocking
 .text.usart_enable_rx_interrupt
                0x08001d32        0xa /home/tatew/libopencm3/lib/libopencm3_stm32l4.a(usart_common_all.o)
                0x08001d32                usart_enable_rx_interrupt
 .text.usart_enable_tx_interrupt
                0x08001d3c        0xa /home/tatew/libopencm3/lib/libopencm3_stm32l4.a(usart_common_all.o)
                0x08001d3c                usart_enable_tx_interrupt
 .text.usart_send
                0x08001d46        0x8 /home/tatew/libopencm3/lib/libopencm3_stm32l4.a(usart_common_v2.o)
                0x08001d46                usart_send
 .text.usart_wait_send_ready
                0x08001d4e        0x8 /home/tatew/libopencm3/lib/libopencm3_stm32l4.a(usart_common_v2.o)
                0x08001d4e                usart_wait_send_ready
 .text.blocking_handler
                0x08001d56        0x2 /home/tatew/libopencm3/lib/libopencm3_stm32l4.a(vector.o)
                0x08001d56                i2c4_ev_isr
                0x08001d56                usart3_isr
                0x08001d56                swpmi1_isr
                0x08001d56                tim7_isr
                0x08001d56                dma2d_isr
                0x08001d56                rng_isr
                0x08001d56                adc1_2_isr
                0x08001d56                i2c4_er_isr
                0x08001d56                blocking_handler
                0x08001d56                tsc_isr
                0x08001d56                tim5_isr
                0x08001d56                rtc_wkup_isr
                0x08001d56                otg_fs_isr
                0x08001d56                tim1_up_tim16_isr
                0x08001d56                spi1_isr
                0x08001d56                i2c3_er_isr
                0x08001d56                dma2_channel7_isr
                0x08001d56                exti2_isr
                0x08001d56                dma1_channel6_isr
                0x08001d56                dma1_channel5_isr
                0x08001d56                dma2_channel5_isr
                0x08001d56                tamp_stamp_isr
                0x08001d56                fmc_isr
                0x08001d56                can1_rx1_isr
                0x08001d56                usart1_isr
                0x08001d56                i2c3_ev_isr
                0x08001d56                usage_fault_handler
                0x08001d56                tim8_trg_com_isr
                0x08001d56                can2_rx0_isr
                0x08001d56                tim1_trg_com_tim17_isr
                0x08001d56                can2_rx1_isr
                0x08001d56                can1_sce_isr
                0x08001d56                tim1_cc_isr
                0x08001d56                can1_tx_isr
                0x08001d56                dma1_channel4_isr
                0x08001d56                tim8_brk_isr
                0x08001d56                dma2_channel4_isr
                0x08001d56                lptim1_isr
                0x08001d56                lpuart1_isr
                0x08001d56                can1_rx0_isr
                0x08001d56                rcc_isr
                0x08001d56                flash_isr
                0x08001d56                uart4_isr
                0x08001d56                rtc_alarm_isr
                0x08001d56                exti15_10_isr
                0x08001d56                hard_fault_handler
                0x08001d56                exti1_isr
                0x08001d56                i2c1_ev_isr
                0x08001d56                dma2_channel1_isr
                0x08001d56                dfsdm2_isr
                0x08001d56                spi2_isr
                0x08001d56                aes_isr
                0x08001d56                tim8_up_isr
                0x08001d56                tim6_dacunder_isr
                0x08001d56                dma2_channel6_isr
                0x08001d56                dma2_channel2_isr
                0x08001d56                exti3_isr
                0x08001d56                adc3_isr
                0x08001d56                tim3_isr
                0x08001d56                usart2_isr
                0x08001d56                sai1_isr
                0x08001d56                fpu_isr
                0x08001d56                i2c2_er_isr
                0x08001d56                i2c2_ev_isr
                0x08001d56                uart5_isr
                0x08001d56                dma1_channel1_isr
                0x08001d56                exti4_isr
                0x08001d56                dfsdm3_isr
                0x08001d56                comp_isr
                0x08001d56                mem_manage_handler
                0x08001d56                can2_tx_isr
                0x08001d56                lptim2_isr
                0x08001d56                lcd_isr
                0x08001d56                exti9_5_isr
                0x08001d56                dma2_channel3_isr
                0x08001d56                dfsdm1_isr
                0x08001d56                dma1_channel7_isr
                0x08001d56                pvd_pvm_isr
                0x08001d56                can2_sce_isr
                0x08001d56                tim4_isr
                0x08001d56                sai2_isr
                0x08001d56                dma1_channel2_isr
                0x08001d56                i2c1_er_isr
                0x08001d56                tim8_cc_isr
                0x08001d56                dcmi_isr
                0x08001d56                hash_crs_isr
                0x08001d56                bus_fault_handler
                0x08001d56                wwdg_isr
                0x08001d56                tim1_brk_tim15_isr
                0x08001d56                dma1_channel3_isr
                0x08001d56                sdmmc1_isr
                0x08001d56                spi3_isr
                0x08001d56                quadspi_isr
                0x08001d56                dfsdm0_isr
                0x08001d56                tim2_isr
                0x08001d56                exti0_isr
 .text.null_handler
                0x08001d58        0x2 /home/tatew/libopencm3/lib/libopencm3_stm32l4.a(vector.o)
                0x08001d58                null_handler
                0x08001d58                sv_call_handler
                0x08001d58                pend_sv_handler
                0x08001d58                debug_monitor_handler
                0x08001d58                sys_tick_handler
                0x08001d58                nmi_handler
 *fill*         0x08001d5a        0x2 
 .text.reset_handler
                0x08001d5c       0xa0 /home/tatew/libopencm3/lib/libopencm3_stm32l4.a(vector.o)
                0x08001d5c                reset_handler
 .text.nvic_enable_irq
                0x08001dfc       0x18 /home/tatew/libopencm3/lib/libopencm3_stm32l4.a(nvic.o)
                0x08001dfc                nvic_enable_irq
                0x08001e14                        . = ALIGN (0x4)
 *(.rodata*)
 .rodata.advancePointer.str1.4
                0x08001e14       0x19 build/m3.o
 *fill*         0x08001e2d        0x3 
 .rodata.circbuffer_init.str1.4
                0x08001e30       0x2e build/m3.o
 *fill*         0x08001e5e        0x2 
 .rodata.circbuffer_queue.str1.4
                0x08001e60       0x19 build/m3.o
 *fill*         0x08001e79        0x3 
 .rodata.circbuffer_dequeue.str1.4
                0x08001e7c       0x17 build/m3.o
 *fill*         0x08001e93        0x1 
 .rodata.fixPeriod.str1.4
                0x08001e94        0x5 build/m3.o
 *fill*         0x08001e99        0x3 
 .rodata.charHandler.str1.4
                0x08001e9c        0x9 build/m3.o
 *fill*         0x08001ea5        0x3 
 .rodata.__func__.6
                0x08001ea8        0xc build/m3.o
 .rodata.__func__.7
                0x08001eb4       0x13 build/m3.o
 *fill*         0x08001ec7        0x1 
 .rodata.__func__.8
                0x08001ec8        0xf build/m3.o
 *fill*         0x08001ed7        0x1 
 .rodata.__func__.9
                0x08001ed8       0x11 build/m3.o
 *fill*         0x08001ee9        0x3 
 .rodata.__func__.12
                0x08001eec       0x10 build/m3.o
 .rodata.__func__.13
                0x08001efc        0xe build/m3.o
 *fill*         0x08001f0a        0x2 
 .rodata.__func__.14
                0x08001f0c       0x11 build/m3.o
 *fill*         0x08001f1d        0x3 
 .rodata.key    0x08001f20       0x15 build/m3.o
                0x08001f20                key
 .rodata.__assert_func.str1.1
                0x08001f35       0x3c /usr/lib/gcc/arm-none-eabi/12.2.0/../../../../arm-none-eabi/lib/thumb/v7e-m+fp/hard/libc_nano.a(lib_a-assert.o)
                                 0x3d (size before relaxing)
 *fill*         0x08001f71        0x3 
 .rodata._global_impure_ptr
                0x08001f74        0x4 /usr/lib/gcc/arm-none-eabi/12.2.0/../../../../arm-none-eabi/lib/thumb/v7e-m+fp/hard/libc_nano.a(lib_a-impure.o)
                0x08001f74                _global_impure_ptr
 .rodata._vfprintf_r.str1.1
                0x08001f78       0x11 /usr/lib/gcc/arm-none-eabi/12.2.0/../../../../arm-none-eabi/lib/thumb/v7e-m+fp/hard/libc_nano.a(lib_a-nano-vfprintf.o)
 .rodata._printf_i.str1.1
                0x08001f89       0x22 /usr/lib/gcc/arm-none-eabi/12.2.0/../../../../arm-none-eabi/lib/thumb/v7e-m+fp/hard/libc_nano.a(lib_a-nano-vfprintf_i.o)
 .rodata._ctype_
                0x08001fab      0x101 /usr/lib/gcc/arm-none-eabi/12.2.0/../../../../arm-none-eabi/lib/thumb/v7e-m+fp/hard/libc_nano.a(lib_a-ctype_.o)
                0x08001fab                _ctype_
 .rodata.__sf_fake_stderr
                0x080020ac       0x20 /usr/lib/gcc/arm-none-eabi/12.2.0/../../../../arm-none-eabi/lib/thumb/v7e-m+fp/hard/libc_nano.a(lib_a-findfp.o)
                0x080020ac                __sf_fake_stderr
 .rodata.__sf_fake_stdin
                0x080020cc       0x20 /usr/lib/gcc/arm-none-eabi/12.2.0/../../../../arm-none-eabi/lib/thumb/v7e-m+fp/hard/libc_nano.a(lib_a-findfp.o)
                0x080020cc                __sf_fake_stdin
 .rodata.__sf_fake_stdout
                0x080020ec       0x20 /usr/lib/gcc/arm-none-eabi/12.2.0/../../../../arm-none-eabi/lib/thumb/v7e-m+fp/hard/libc_nano.a(lib_a-findfp.o)
                0x080020ec                __sf_fake_stdout
                0x0800210c                        . = ALIGN (0x4)

.glue_7         0x0800210c        0x0
 .glue_7        0x0800210c        0x0 linker stubs

.glue_7t        0x0800210c        0x0
 .glue_7t       0x0800210c        0x0 linker stubs

.vfp11_veneer   0x0800210c        0x0
 .vfp11_veneer  0x0800210c        0x0 linker stubs

.v4_bx          0x0800210c        0x0
 .v4_bx         0x0800210c        0x0 linker stubs

.iplt           0x0800210c        0x0
 .iplt          0x0800210c        0x0 build/m3.o

.rel.dyn        0x0800210c        0x0
 .rel.iplt      0x0800210c        0x0 build/m3.o

.preinit_array  0x0800210c        0x0
                0x0800210c                        . = ALIGN (0x4)
                0x0800210c                        __preinit_array_start = .
 *(.preinit_array)
                0x0800210c                        __preinit_array_end = .

.init_array     0x0800210c        0x0
                0x0800210c                        . = ALIGN (0x4)
                0x0800210c                        __init_array_start = .
 *(SORT_BY_NAME(.init_array.*))
 *(.init_array)
                0x0800210c                        __init_array_end = .

.fini_array     0x0800210c        0x0
                0x0800210c                        . = ALIGN (0x4)
                0x0800210c                        __fini_array_start = .
 *(.fini_array)
 *(SORT_BY_NAME(.fini_array.*))
                0x0800210c                        __fini_array_end = .

.ARM.extab
 *(.ARM.extab*)

.ARM.exidx      0x0800210c        0x0
                0x0800210c                        __exidx_start = .
 *(.ARM.exidx*)
                0x0800210c                        __exidx_end = .
                0x0800210c                        . = ALIGN (0x4)
                0x0800210c                        _etext = .

.noinit
 *(.noinit)
                0x0800210c                        . = ALIGN (0x4)

.data           0x20000000       0x7c load address 0x0800210c
                0x20000000                        _data = .
 *(.data*)
 .data.period.0
                0x20000000        0x4 build/m3.o
 .data.lastPeriod.1
                0x20000004        0x4 build/m3.o
 .data.globalPeriod
                0x20000008        0x2 build/m3.o
                0x20000008                globalPeriod
 *fill*         0x2000000a        0x2 
 .data._impure_ptr
                0x2000000c        0x4 /usr/lib/gcc/arm-none-eabi/12.2.0/../../../../arm-none-eabi/lib/thumb/v7e-m+fp/hard/libc_nano.a(lib_a-impure.o)
                0x2000000c                _impure_ptr
 .data.impure_data
                0x20000010       0x60 /usr/lib/gcc/arm-none-eabi/12.2.0/../../../../arm-none-eabi/lib/thumb/v7e-m+fp/hard/libc_nano.a(lib_a-impure.o)
 .data.rcc_apb2_frequency
                0x20000070        0x4 /home/tatew/libopencm3/lib/libopencm3_stm32l4.a(rcc.o)
                0x20000070                rcc_apb2_frequency
 .data.rcc_apb1_frequency
                0x20000074        0x4 /home/tatew/libopencm3/lib/libopencm3_stm32l4.a(rcc.o)
                0x20000074                rcc_apb1_frequency
 .data.rcc_ahb_frequency
                0x20000078        0x4 /home/tatew/libopencm3/lib/libopencm3_stm32l4.a(rcc.o)
                0x20000078                rcc_ahb_frequency
                0x2000007c                        . = ALIGN (0x4)
 *(.ramfunctions)
                0x2000007c                        _edata = .
                0x0800210c                        _data_loadaddr = LOADADDR (.data)

.igot.plt       0x2000007c        0x0 load address 0x08002188
 .igot.plt      0x2000007c        0x0 build/m3.o

.bss            0x2000007c      0x22c load address 0x08002188
 *(.bss*)
 .bss.myCase.2  0x2000007c        0x4 build/m3.o
 .bss.pos.3     0x20000080        0x1 build/m3.o
 .bss.pos.4     0x20000081        0x1 build/m3.o
 *fill*         0x20000082        0x2 
 .bss.bufferO   0x20000084      0x100 build/m3.o
                0x20000084                bufferO
 .bss.bufferI   0x20000184      0x100 build/m3.o
                0x20000184                bufferI
 .bss.circBufferOut
                0x20000284        0x8 build/m3.o
                0x20000284                circBufferOut
 .bss.circBufferIn
                0x2000028c        0x8 build/m3.o
                0x2000028c                circBufferIn
 .bss.__lock___malloc_recursive_mutex
                0x20000294        0x1 /usr/lib/gcc/arm-none-eabi/12.2.0/../../../../arm-none-eabi/lib/thumb/v7e-m+fp/hard/libc_nano.a(lib_a-lock.o)
                0x20000294                __lock___malloc_recursive_mutex
 .bss.__lock___sfp_recursive_mutex
                0x20000295        0x1 /usr/lib/gcc/arm-none-eabi/12.2.0/../../../../arm-none-eabi/lib/thumb/v7e-m+fp/hard/libc_nano.a(lib_a-lock.o)
                0x20000295                __lock___sfp_recursive_mutex
 .bss.__lock___sinit_recursive_mutex
                0x20000296        0x1 /usr/lib/gcc/arm-none-eabi/12.2.0/../../../../arm-none-eabi/lib/thumb/v7e-m+fp/hard/libc_nano.a(lib_a-lock.o)
                0x20000296                __lock___sinit_recursive_mutex
 *fill*         0x20000297        0x1 
 .bss.__malloc_free_list
                0x20000298        0x4 /usr/lib/gcc/arm-none-eabi/12.2.0/../../../../arm-none-eabi/lib/thumb/v7e-m+fp/hard/libc_nano.a(lib_a-nano-mallocr.o)
                0x20000298                __malloc_free_list
 .bss.__malloc_sbrk_start
                0x2000029c        0x4 /usr/lib/gcc/arm-none-eabi/12.2.0/../../../../arm-none-eabi/lib/thumb/v7e-m+fp/hard/libc_nano.a(lib_a-nano-mallocr.o)
                0x2000029c                __malloc_sbrk_start
 .bss.errno     0x200002a0        0x4 /usr/lib/gcc/arm-none-eabi/12.2.0/../../../../arm-none-eabi/lib/thumb/v7e-m+fp/hard/libc_nano.a(lib_a-reent.o)
                0x200002a0                errno
 .bss.heap_end.0
                0x200002a4        0x4 /usr/lib/gcc/arm-none-eabi/12.2.0/../../../../arm-none-eabi/lib/thumb/v7e-m+fp/hard/libnosys.a(sbrk.o)
 *(COMMON)
                0x200002a8                        . = ALIGN (0x4)
                0x200002a8                        _ebss = .

/DISCARD/
 *(.eh_frame)
                0x200002a8                        . = ALIGN (0x4)
                0x200002a8                        end = .
                0x20028000                        PROVIDE (_stack = (ORIGIN (ram) + LENGTH (ram)))
OUTPUT(build/m3.elf elf32-littlearm)
LOAD linker stubs

.debug_info     0x00000000    0x17c25
 .debug_info    0x00000000     0x1c66 build/m3.o
 .debug_info    0x00001c66      0x87e /usr/lib/gcc/arm-none-eabi/12.2.0/../../../../arm-none-eabi/lib/thumb/v7e-m+fp/hard/libc_nano.a(lib_a-assert.o)
 .debug_info    0x000024e4      0x827 /usr/lib/gcc/arm-none-eabi/12.2.0/../../../../arm-none-eabi/lib/thumb/v7e-m+fp/hard/libc_nano.a(lib_a-atoi.o)
 .debug_info    0x00002d0b      0x75b /usr/lib/gcc/arm-none-eabi/12.2.0/../../../../arm-none-eabi/lib/thumb/v7e-m+fp/hard/libc_nano.a(lib_a-errno.o)
 .debug_info    0x00003466      0x8b5 /usr/lib/gcc/arm-none-eabi/12.2.0/../../../../arm-none-eabi/lib/thumb/v7e-m+fp/hard/libc_nano.a(lib_a-fprintf.o)
 .debug_info    0x00003d1b      0x806 /usr/lib/gcc/arm-none-eabi/12.2.0/../../../../arm-none-eabi/lib/thumb/v7e-m+fp/hard/libc_nano.a(lib_a-impure.o)
 .debug_info    0x00004521     0x1176 /usr/lib/gcc/arm-none-eabi/12.2.0/../../../../arm-none-eabi/lib/thumb/v7e-m+fp/hard/libc_nano.a(lib_a-nano-vfprintf.o)
 .debug_info    0x00005697      0xe42 /usr/lib/gcc/arm-none-eabi/12.2.0/../../../../arm-none-eabi/lib/thumb/v7e-m+fp/hard/libc_nano.a(lib_a-nano-vfprintf_i.o)
 .debug_info    0x000064d9      0x8da /usr/lib/gcc/arm-none-eabi/12.2.0/../../../../arm-none-eabi/lib/thumb/v7e-m+fp/hard/libc_nano.a(lib_a-printf.o)
 .debug_info    0x00006db3      0xd9d /usr/lib/gcc/arm-none-eabi/12.2.0/../../../../arm-none-eabi/lib/thumb/v7e-m+fp/hard/libc_nano.a(lib_a-strtol.o)
 .debug_info    0x00007b50      0x95d /usr/lib/gcc/arm-none-eabi/12.2.0/../../../../arm-none-eabi/lib/thumb/v7e-m+fp/hard/libc_nano.a(lib_a-wbuf.o)
 .debug_info    0x000084ad      0x8b9 /usr/lib/gcc/arm-none-eabi/12.2.0/../../../../arm-none-eabi/lib/thumb/v7e-m+fp/hard/libc_nano.a(lib_a-wsetup.o)
 .debug_info    0x00008d66       0xd8 /usr/lib/gcc/arm-none-eabi/12.2.0/../../../../arm-none-eabi/lib/thumb/v7e-m+fp/hard/libc_nano.a(lib_a-abort.o)
 .debug_info    0x00008e3e       0xb9 /usr/lib/gcc/arm-none-eabi/12.2.0/../../../../arm-none-eabi/lib/thumb/v7e-m+fp/hard/libc_nano.a(lib_a-ctype_.o)
 .debug_info    0x00008ef7      0xa9e /usr/lib/gcc/arm-none-eabi/12.2.0/../../../../arm-none-eabi/lib/thumb/v7e-m+fp/hard/libc_nano.a(lib_a-fflush.o)
 .debug_info    0x00009995      0xff1 /usr/lib/gcc/arm-none-eabi/12.2.0/../../../../arm-none-eabi/lib/thumb/v7e-m+fp/hard/libc_nano.a(lib_a-findfp.o)
 .debug_info    0x0000a986      0x899 /usr/lib/gcc/arm-none-eabi/12.2.0/../../../../arm-none-eabi/lib/thumb/v7e-m+fp/hard/libc_nano.a(lib_a-fwalk.o)
 .debug_info    0x0000b21f      0x21a /usr/lib/gcc/arm-none-eabi/12.2.0/../../../../arm-none-eabi/lib/thumb/v7e-m+fp/hard/libc_nano.a(lib_a-lock.o)
 .debug_info    0x0000b439      0xb8b /usr/lib/gcc/arm-none-eabi/12.2.0/../../../../arm-none-eabi/lib/thumb/v7e-m+fp/hard/libc_nano.a(lib_a-makebuf.o)
 .debug_info    0x0000bfc4       0x25 /usr/lib/gcc/arm-none-eabi/12.2.0/../../../../arm-none-eabi/lib/thumb/v7e-m+fp/hard/libc_nano.a(lib_a-memchr.o)
 .debug_info    0x0000bfe9       0xe0 /usr/lib/gcc/arm-none-eabi/12.2.0/../../../../arm-none-eabi/lib/thumb/v7e-m+fp/hard/libc_nano.a(lib_a-memset.o)
 .debug_info    0x0000c0c9      0x8a6 /usr/lib/gcc/arm-none-eabi/12.2.0/../../../../arm-none-eabi/lib/thumb/v7e-m+fp/hard/libc_nano.a(lib_a-nano-freer.o)
 .debug_info    0x0000c96f      0xa02 /usr/lib/gcc/arm-none-eabi/12.2.0/../../../../arm-none-eabi/lib/thumb/v7e-m+fp/hard/libc_nano.a(lib_a-nano-mallocr.o)
 .debug_info    0x0000d371      0x7dc /usr/lib/gcc/arm-none-eabi/12.2.0/../../../../arm-none-eabi/lib/thumb/v7e-m+fp/hard/libc_nano.a(lib_a-sbrkr.o)
 .debug_info    0x0000db4d      0xa8f /usr/lib/gcc/arm-none-eabi/12.2.0/../../../../arm-none-eabi/lib/thumb/v7e-m+fp/hard/libc_nano.a(lib_a-signal.o)
 .debug_info    0x0000e5dc      0x83e /usr/lib/gcc/arm-none-eabi/12.2.0/../../../../arm-none-eabi/lib/thumb/v7e-m+fp/hard/libc_nano.a(lib_a-signalr.o)
 .debug_info    0x0000ee1a      0xab4 /usr/lib/gcc/arm-none-eabi/12.2.0/../../../../arm-none-eabi/lib/thumb/v7e-m+fp/hard/libc_nano.a(lib_a-stdio.o)
 .debug_info    0x0000f8ce      0x813 /usr/lib/gcc/arm-none-eabi/12.2.0/../../../../arm-none-eabi/lib/thumb/v7e-m+fp/hard/libc_nano.a(lib_a-writer.o)
 .debug_info    0x000100e1      0x7b7 /usr/lib/gcc/arm-none-eabi/12.2.0/../../../../arm-none-eabi/lib/thumb/v7e-m+fp/hard/libc_nano.a(lib_a-closer.o)
 .debug_info    0x00010898      0x9d5 /usr/lib/gcc/arm-none-eabi/12.2.0/../../../../arm-none-eabi/lib/thumb/v7e-m+fp/hard/libc_nano.a(lib_a-fstatr.o)
 .debug_info    0x0001126d      0x7b7 /usr/lib/gcc/arm-none-eabi/12.2.0/../../../../arm-none-eabi/lib/thumb/v7e-m+fp/hard/libc_nano.a(lib_a-isattyr.o)
 .debug_info    0x00011a24      0x7f6 /usr/lib/gcc/arm-none-eabi/12.2.0/../../../../arm-none-eabi/lib/thumb/v7e-m+fp/hard/libc_nano.a(lib_a-lseekr.o)
 .debug_info    0x0001221a      0x7cb /usr/lib/gcc/arm-none-eabi/12.2.0/../../../../arm-none-eabi/lib/thumb/v7e-m+fp/hard/libc_nano.a(lib_a-mlock.o)
 .debug_info    0x000129e5      0x80d /usr/lib/gcc/arm-none-eabi/12.2.0/../../../../arm-none-eabi/lib/thumb/v7e-m+fp/hard/libc_nano.a(lib_a-readr.o)
 .debug_info    0x000131f2      0x936 /usr/lib/gcc/arm-none-eabi/12.2.0/../../../../arm-none-eabi/lib/thumb/v7e-m+fp/hard/libc_nano.a(lib_a-reent.o)
 .debug_info    0x00013b28       0xb2 /usr/lib/gcc/arm-none-eabi/12.2.0/../../../../arm-none-eabi/lib/thumb/v7e-m+fp/hard/libnosys.a(close.o)
 .debug_info    0x00013bda      0x2cb /usr/lib/gcc/arm-none-eabi/12.2.0/../../../../arm-none-eabi/lib/thumb/v7e-m+fp/hard/libnosys.a(fstat.o)
 .debug_info    0x00013ea5       0x9d /usr/lib/gcc/arm-none-eabi/12.2.0/../../../../arm-none-eabi/lib/thumb/v7e-m+fp/hard/libnosys.a(getpid.o)
 .debug_info    0x00013f42       0xb2 /usr/lib/gcc/arm-none-eabi/12.2.0/../../../../arm-none-eabi/lib/thumb/v7e-m+fp/hard/libnosys.a(isatty.o)
 .debug_info    0x00013ff4       0xc0 /usr/lib/gcc/arm-none-eabi/12.2.0/../../../../arm-none-eabi/lib/thumb/v7e-m+fp/hard/libnosys.a(kill.o)
 .debug_info    0x000140b4       0xd4 /usr/lib/gcc/arm-none-eabi/12.2.0/../../../../arm-none-eabi/lib/thumb/v7e-m+fp/hard/libnosys.a(lseek.o)
 .debug_info    0x00014188       0xda /usr/lib/gcc/arm-none-eabi/12.2.0/../../../../arm-none-eabi/lib/thumb/v7e-m+fp/hard/libnosys.a(read.o)
 .debug_info    0x00014262       0x9e /usr/lib/gcc/arm-none-eabi/12.2.0/../../../../arm-none-eabi/lib/thumb/v7e-m+fp/hard/libnosys.a(sbrk.o)
 .debug_info    0x00014300       0xa4 /usr/lib/gcc/arm-none-eabi/12.2.0/../../../../arm-none-eabi/lib/thumb/v7e-m+fp/hard/libnosys.a(_exit.o)
 .debug_info    0x000143a4      0x256 /home/tatew/libopencm3/lib/libopencm3_stm32l4.a(gpio_common_all.o)
 .debug_info    0x000145fa      0x21b /home/tatew/libopencm3/lib/libopencm3_stm32l4.a(gpio_common_f0234.o)
 .debug_info    0x00014815      0xdfa /home/tatew/libopencm3/lib/libopencm3_stm32l4.a(rcc.o)
 .debug_info    0x0001560f      0x805 /home/tatew/libopencm3/lib/libopencm3_stm32l4.a(rcc_common_all.o)
 .debug_info    0x00015e14     0x1004 /home/tatew/libopencm3/lib/libopencm3_stm32l4.a(timer_common_all.o)
 .debug_info    0x00016e18      0x57e /home/tatew/libopencm3/lib/libopencm3_stm32l4.a(usart_common_all.o)
 .debug_info    0x00017396      0x37d /home/tatew/libopencm3/lib/libopencm3_stm32l4.a(usart_common_v2.o)
 .debug_info    0x00017713      0x2d9 /home/tatew/libopencm3/lib/libopencm3_stm32l4.a(vector.o)
 .debug_info    0x000179ec      0x239 /home/tatew/libopencm3/lib/libopencm3_stm32l4.a(nvic.o)

.debug_abbrev   0x00000000     0x54ed
 .debug_abbrev  0x00000000      0x2f5 build/m3.o
 .debug_abbrev  0x000002f5      0x1ea /usr/lib/gcc/arm-none-eabi/12.2.0/../../../../arm-none-eabi/lib/thumb/v7e-m+fp/hard/libc_nano.a(lib_a-assert.o)
 .debug_abbrev  0x000004df      0x1b2 /usr/lib/gcc/arm-none-eabi/12.2.0/../../../../arm-none-eabi/lib/thumb/v7e-m+fp/hard/libc_nano.a(lib_a-atoi.o)
 .debug_abbrev  0x00000691      0x15e /usr/lib/gcc/arm-none-eabi/12.2.0/../../../../arm-none-eabi/lib/thumb/v7e-m+fp/hard/libc_nano.a(lib_a-errno.o)
 .debug_abbrev  0x000007ef      0x21d /usr/lib/gcc/arm-none-eabi/12.2.0/../../../../arm-none-eabi/lib/thumb/v7e-m+fp/hard/libc_nano.a(lib_a-fprintf.o)
 .debug_abbrev  0x00000a0c      0x15a /usr/lib/gcc/arm-none-eabi/12.2.0/../../../../arm-none-eabi/lib/thumb/v7e-m+fp/hard/libc_nano.a(lib_a-impure.o)
 .debug_abbrev  0x00000b66      0x317 /usr/lib/gcc/arm-none-eabi/12.2.0/../../../../arm-none-eabi/lib/thumb/v7e-m+fp/hard/libc_nano.a(lib_a-nano-vfprintf.o)
 .debug_abbrev  0x00000e7d      0x28e /usr/lib/gcc/arm-none-eabi/12.2.0/../../../../arm-none-eabi/lib/thumb/v7e-m+fp/hard/libc_nano.a(lib_a-nano-vfprintf_i.o)
 .debug_abbrev  0x0000110b      0x23a /usr/lib/gcc/arm-none-eabi/12.2.0/../../../../arm-none-eabi/lib/thumb/v7e-m+fp/hard/libc_nano.a(lib_a-printf.o)
 .debug_abbrev  0x00001345      0x2ee /usr/lib/gcc/arm-none-eabi/12.2.0/../../../../arm-none-eabi/lib/thumb/v7e-m+fp/hard/libc_nano.a(lib_a-strtol.o)
 .debug_abbrev  0x00001633      0x22e /usr/lib/gcc/arm-none-eabi/12.2.0/../../../../arm-none-eabi/lib/thumb/v7e-m+fp/hard/libc_nano.a(lib_a-wbuf.o)
 .debug_abbrev  0x00001861      0x1d9 /usr/lib/gcc/arm-none-eabi/12.2.0/../../../../arm-none-eabi/lib/thumb/v7e-m+fp/hard/libc_nano.a(lib_a-wsetup.o)
 .debug_abbrev  0x00001a3a       0x99 /usr/lib/gcc/arm-none-eabi/12.2.0/../../../../arm-none-eabi/lib/thumb/v7e-m+fp/hard/libc_nano.a(lib_a-abort.o)
 .debug_abbrev  0x00001ad3       0x62 /usr/lib/gcc/arm-none-eabi/12.2.0/../../../../arm-none-eabi/lib/thumb/v7e-m+fp/hard/libc_nano.a(lib_a-ctype_.o)
 .debug_abbrev  0x00001b35      0x2a7 /usr/lib/gcc/arm-none-eabi/12.2.0/../../../../arm-none-eabi/lib/thumb/v7e-m+fp/hard/libc_nano.a(lib_a-fflush.o)
 .debug_abbrev  0x00001ddc      0x398 /usr/lib/gcc/arm-none-eabi/12.2.0/../../../../arm-none-eabi/lib/thumb/v7e-m+fp/hard/libc_nano.a(lib_a-findfp.o)
 .debug_abbrev  0x00002174      0x19f /usr/lib/gcc/arm-none-eabi/12.2.0/../../../../arm-none-eabi/lib/thumb/v7e-m+fp/hard/libc_nano.a(lib_a-fwalk.o)
 .debug_abbrev  0x00002313      0x115 /usr/lib/gcc/arm-none-eabi/12.2.0/../../../../arm-none-eabi/lib/thumb/v7e-m+fp/hard/libc_nano.a(lib_a-lock.o)
 .debug_abbrev  0x00002428      0x2a3 /usr/lib/gcc/arm-none-eabi/12.2.0/../../../../arm-none-eabi/lib/thumb/v7e-m+fp/hard/libc_nano.a(lib_a-makebuf.o)
 .debug_abbrev  0x000026cb       0x14 /usr/lib/gcc/arm-none-eabi/12.2.0/../../../../arm-none-eabi/lib/thumb/v7e-m+fp/hard/libc_nano.a(lib_a-memchr.o)
 .debug_abbrev  0x000026df       0x9e /usr/lib/gcc/arm-none-eabi/12.2.0/../../../../arm-none-eabi/lib/thumb/v7e-m+fp/hard/libc_nano.a(lib_a-memset.o)
 .debug_abbrev  0x0000277d      0x23b /usr/lib/gcc/arm-none-eabi/12.2.0/../../../../arm-none-eabi/lib/thumb/v7e-m+fp/hard/libc_nano.a(lib_a-nano-freer.o)
 .debug_abbrev  0x000029b8      0x2b3 /usr/lib/gcc/arm-none-eabi/12.2.0/../../../../arm-none-eabi/lib/thumb/v7e-m+fp/hard/libc_nano.a(lib_a-nano-mallocr.o)
 .debug_abbrev  0x00002c6b      0x1da /usr/lib/gcc/arm-none-eabi/12.2.0/../../../../arm-none-eabi/lib/thumb/v7e-m+fp/hard/libc_nano.a(lib_a-sbrkr.o)
 .debug_abbrev  0x00002e45      0x296 /usr/lib/gcc/arm-none-eabi/12.2.0/../../../../arm-none-eabi/lib/thumb/v7e-m+fp/hard/libc_nano.a(lib_a-signal.o)
 .debug_abbrev  0x000030db      0x1fd /usr/lib/gcc/arm-none-eabi/12.2.0/../../../../arm-none-eabi/lib/thumb/v7e-m+fp/hard/libc_nano.a(lib_a-signalr.o)
 .debug_abbrev  0x000032d8      0x221 /usr/lib/gcc/arm-none-eabi/12.2.0/../../../../arm-none-eabi/lib/thumb/v7e-m+fp/hard/libc_nano.a(lib_a-stdio.o)
 .debug_abbrev  0x000034f9      0x1b5 /usr/lib/gcc/arm-none-eabi/12.2.0/../../../../arm-none-eabi/lib/thumb/v7e-m+fp/hard/libc_nano.a(lib_a-writer.o)
 .debug_abbrev  0x000036ae      0x1b0 /usr/lib/gcc/arm-none-eabi/12.2.0/../../../../arm-none-eabi/lib/thumb/v7e-m+fp/hard/libc_nano.a(lib_a-closer.o)
 .debug_abbrev  0x0000385e      0x1c3 /usr/lib/gcc/arm-none-eabi/12.2.0/../../../../arm-none-eabi/lib/thumb/v7e-m+fp/hard/libc_nano.a(lib_a-fstatr.o)
 .debug_abbrev  0x00003a21      0x1b0 /usr/lib/gcc/arm-none-eabi/12.2.0/../../../../arm-none-eabi/lib/thumb/v7e-m+fp/hard/libc_nano.a(lib_a-isattyr.o)
 .debug_abbrev  0x00003bd1      0x1c4 /usr/lib/gcc/arm-none-eabi/12.2.0/../../../../arm-none-eabi/lib/thumb/v7e-m+fp/hard/libc_nano.a(lib_a-lseekr.o)
 .debug_abbrev  0x00003d95      0x1bf /usr/lib/gcc/arm-none-eabi/12.2.0/../../../../arm-none-eabi/lib/thumb/v7e-m+fp/hard/libc_nano.a(lib_a-mlock.o)
 .debug_abbrev  0x00003f54      0x1b0 /usr/lib/gcc/arm-none-eabi/12.2.0/../../../../arm-none-eabi/lib/thumb/v7e-m+fp/hard/libc_nano.a(lib_a-readr.o)
 .debug_abbrev  0x00004104      0x233 /usr/lib/gcc/arm-none-eabi/12.2.0/../../../../arm-none-eabi/lib/thumb/v7e-m+fp/hard/libc_nano.a(lib_a-reent.o)
 .debug_abbrev  0x00004337       0x6c /usr/lib/gcc/arm-none-eabi/12.2.0/../../../../arm-none-eabi/lib/thumb/v7e-m+fp/hard/libnosys.a(close.o)
 .debug_abbrev  0x000043a3       0xcc /usr/lib/gcc/arm-none-eabi/12.2.0/../../../../arm-none-eabi/lib/thumb/v7e-m+fp/hard/libnosys.a(fstat.o)
 .debug_abbrev  0x0000446f       0x58 /usr/lib/gcc/arm-none-eabi/12.2.0/../../../../arm-none-eabi/lib/thumb/v7e-m+fp/hard/libnosys.a(getpid.o)
 .debug_abbrev  0x000044c7       0x6c /usr/lib/gcc/arm-none-eabi/12.2.0/../../../../arm-none-eabi/lib/thumb/v7e-m+fp/hard/libnosys.a(isatty.o)
 .debug_abbrev  0x00004533       0x7d /usr/lib/gcc/arm-none-eabi/12.2.0/../../../../arm-none-eabi/lib/thumb/v7e-m+fp/hard/libnosys.a(kill.o)
 .debug_abbrev  0x000045b0       0x91 /usr/lib/gcc/arm-none-eabi/12.2.0/../../../../arm-none-eabi/lib/thumb/v7e-m+fp/hard/libnosys.a(lseek.o)
 .debug_abbrev  0x00004641       0x9a /usr/lib/gcc/arm-none-eabi/12.2.0/../../../../arm-none-eabi/lib/thumb/v7e-m+fp/hard/libnosys.a(read.o)
 .debug_abbrev  0x000046db       0xa1 /usr/lib/gcc/arm-none-eabi/12.2.0/../../../../arm-none-eabi/lib/thumb/v7e-m+fp/hard/libnosys.a(sbrk.o)
 .debug_abbrev  0x0000477c       0x69 /usr/lib/gcc/arm-none-eabi/12.2.0/../../../../arm-none-eabi/lib/thumb/v7e-m+fp/hard/libnosys.a(_exit.o)
 .debug_abbrev  0x000047e5      0x115 /home/tatew/libopencm3/lib/libopencm3_stm32l4.a(gpio_common_all.o)
 .debug_abbrev  0x000048fa       0xc2 /home/tatew/libopencm3/lib/libopencm3_stm32l4.a(gpio_common_f0234.o)
 .debug_abbrev  0x000049bc      0x353 /home/tatew/libopencm3/lib/libopencm3_stm32l4.a(rcc.o)
 .debug_abbrev  0x00004d0f      0x185 /home/tatew/libopencm3/lib/libopencm3_stm32l4.a(rcc_common_all.o)
 .debug_abbrev  0x00004e94      0x1ac /home/tatew/libopencm3/lib/libopencm3_stm32l4.a(timer_common_all.o)
 .debug_abbrev  0x00005040      0x16f /home/tatew/libopencm3/lib/libopencm3_stm32l4.a(usart_common_all.o)
 .debug_abbrev  0x000051af      0x129 /home/tatew/libopencm3/lib/libopencm3_stm32l4.a(usart_common_v2.o)
 .debug_abbrev  0x000052d8      0x15f /home/tatew/libopencm3/lib/libopencm3_stm32l4.a(vector.o)
 .debug_abbrev  0x00005437       0xb6 /home/tatew/libopencm3/lib/libopencm3_stm32l4.a(nvic.o)

.debug_loc      0x00000000      0xc30
 .debug_loc     0x00000000      0xc30 build/m3.o

.debug_aranges  0x00000000      0xe30
 .debug_aranges
                0x00000000       0xd0 build/m3.o
 .debug_aranges
                0x000000d0       0x28 /usr/lib/gcc/arm-none-eabi/12.2.0/../../../../arm-none-eabi/lib/thumb/v7e-m+fp/hard/libc_nano.a(lib_a-assert.o)
 .debug_aranges
                0x000000f8       0x28 /usr/lib/gcc/arm-none-eabi/12.2.0/../../../../arm-none-eabi/lib/thumb/v7e-m+fp/hard/libc_nano.a(lib_a-atoi.o)
 .debug_aranges
                0x00000120       0x20 /usr/lib/gcc/arm-none-eabi/12.2.0/../../../../arm-none-eabi/lib/thumb/v7e-m+fp/hard/libc_nano.a(lib_a-errno.o)
 .debug_aranges
                0x00000140       0x28 /usr/lib/gcc/arm-none-eabi/12.2.0/../../../../arm-none-eabi/lib/thumb/v7e-m+fp/hard/libc_nano.a(lib_a-fprintf.o)
 .debug_aranges
                0x00000168       0x18 /usr/lib/gcc/arm-none-eabi/12.2.0/../../../../arm-none-eabi/lib/thumb/v7e-m+fp/hard/libc_nano.a(lib_a-impure.o)
 .debug_aranges
                0x00000180       0x40 /usr/lib/gcc/arm-none-eabi/12.2.0/../../../../arm-none-eabi/lib/thumb/v7e-m+fp/hard/libc_nano.a(lib_a-nano-vfprintf.o)
 .debug_aranges
                0x000001c0       0x28 /usr/lib/gcc/arm-none-eabi/12.2.0/../../../../arm-none-eabi/lib/thumb/v7e-m+fp/hard/libc_nano.a(lib_a-nano-vfprintf_i.o)
 .debug_aranges
                0x000001e8       0x28 /usr/lib/gcc/arm-none-eabi/12.2.0/../../../../arm-none-eabi/lib/thumb/v7e-m+fp/hard/libc_nano.a(lib_a-printf.o)
 .debug_aranges
                0x00000210       0x38 /usr/lib/gcc/arm-none-eabi/12.2.0/../../../../arm-none-eabi/lib/thumb/v7e-m+fp/hard/libc_nano.a(lib_a-strtol.o)
 .debug_aranges
                0x00000248       0x28 /usr/lib/gcc/arm-none-eabi/12.2.0/../../../../arm-none-eabi/lib/thumb/v7e-m+fp/hard/libc_nano.a(lib_a-wbuf.o)
 .debug_aranges
                0x00000270       0x20 /usr/lib/gcc/arm-none-eabi/12.2.0/../../../../arm-none-eabi/lib/thumb/v7e-m+fp/hard/libc_nano.a(lib_a-wsetup.o)
 .debug_aranges
                0x00000290       0x20 /usr/lib/gcc/arm-none-eabi/12.2.0/../../../../arm-none-eabi/lib/thumb/v7e-m+fp/hard/libc_nano.a(lib_a-abort.o)
 .debug_aranges
                0x000002b0       0x18 /usr/lib/gcc/arm-none-eabi/12.2.0/../../../../arm-none-eabi/lib/thumb/v7e-m+fp/hard/libc_nano.a(lib_a-ctype_.o)
 .debug_aranges
                0x000002c8       0x30 /usr/lib/gcc/arm-none-eabi/12.2.0/../../../../arm-none-eabi/lib/thumb/v7e-m+fp/hard/libc_nano.a(lib_a-fflush.o)
 .debug_aranges
                0x000002f8       0x88 /usr/lib/gcc/arm-none-eabi/12.2.0/../../../../arm-none-eabi/lib/thumb/v7e-m+fp/hard/libc_nano.a(lib_a-findfp.o)
 .debug_aranges
                0x00000380       0x28 /usr/lib/gcc/arm-none-eabi/12.2.0/../../../../arm-none-eabi/lib/thumb/v7e-m+fp/hard/libc_nano.a(lib_a-fwalk.o)
 .debug_aranges
                0x000003a8       0x28 /usr/lib/gcc/arm-none-eabi/12.2.0/../../../../arm-none-eabi/lib/thumb/v7e-m+fp/hard/libc_nano.a(lib_a-lock.o)
 .debug_aranges
                0x000003d0       0x28 /usr/lib/gcc/arm-none-eabi/12.2.0/../../../../arm-none-eabi/lib/thumb/v7e-m+fp/hard/libc_nano.a(lib_a-makebuf.o)
 .debug_aranges
                0x000003f8       0x20 /usr/lib/gcc/arm-none-eabi/12.2.0/../../../../arm-none-eabi/lib/thumb/v7e-m+fp/hard/libc_nano.a(lib_a-memchr.o)
 .debug_aranges
                0x00000418       0x20 /usr/lib/gcc/arm-none-eabi/12.2.0/../../../../arm-none-eabi/lib/thumb/v7e-m+fp/hard/libc_nano.a(lib_a-memset.o)
 .debug_aranges
                0x00000438       0x20 /usr/lib/gcc/arm-none-eabi/12.2.0/../../../../arm-none-eabi/lib/thumb/v7e-m+fp/hard/libc_nano.a(lib_a-nano-freer.o)
 .debug_aranges
                0x00000458       0x20 /usr/lib/gcc/arm-none-eabi/12.2.0/../../../../arm-none-eabi/lib/thumb/v7e-m+fp/hard/libc_nano.a(lib_a-nano-mallocr.o)
 .debug_aranges
                0x00000478       0x20 /usr/lib/gcc/arm-none-eabi/12.2.0/../../../../arm-none-eabi/lib/thumb/v7e-m+fp/hard/libc_nano.a(lib_a-sbrkr.o)
 .debug_aranges
                0x00000498       0x58 /usr/lib/gcc/arm-none-eabi/12.2.0/../../../../arm-none-eabi/lib/thumb/v7e-m+fp/hard/libc_nano.a(lib_a-signal.o)
 .debug_aranges
                0x000004f0       0x28 /usr/lib/gcc/arm-none-eabi/12.2.0/../../../../arm-none-eabi/lib/thumb/v7e-m+fp/hard/libc_nano.a(lib_a-signalr.o)
 .debug_aranges
                0x00000518       0x40 /usr/lib/gcc/arm-none-eabi/12.2.0/../../../../arm-none-eabi/lib/thumb/v7e-m+fp/hard/libc_nano.a(lib_a-stdio.o)
 .debug_aranges
                0x00000558       0x20 /usr/lib/gcc/arm-none-eabi/12.2.0/../../../../arm-none-eabi/lib/thumb/v7e-m+fp/hard/libc_nano.a(lib_a-writer.o)
 .debug_aranges
                0x00000578       0x20 /usr/lib/gcc/arm-none-eabi/12.2.0/../../../../arm-none-eabi/lib/thumb/v7e-m+fp/hard/libc_nano.a(lib_a-closer.o)
 .debug_aranges
                0x00000598       0x20 /usr/lib/gcc/arm-none-eabi/12.2.0/../../../../arm-none-eabi/lib/thumb/v7e-m+fp/hard/libc_nano.a(lib_a-fstatr.o)
 .debug_aranges
                0x000005b8       0x20 /usr/lib/gcc/arm-none-eabi/12.2.0/../../../../arm-none-eabi/lib/thumb/v7e-m+fp/hard/libc_nano.a(lib_a-isattyr.o)
 .debug_aranges
                0x000005d8       0x20 /usr/lib/gcc/arm-none-eabi/12.2.0/../../../../arm-none-eabi/lib/thumb/v7e-m+fp/hard/libc_nano.a(lib_a-lseekr.o)
 .debug_aranges
                0x000005f8       0x28 /usr/lib/gcc/arm-none-eabi/12.2.0/../../../../arm-none-eabi/lib/thumb/v7e-m+fp/hard/libc_nano.a(lib_a-mlock.o)
 .debug_aranges
                0x00000620       0x20 /usr/lib/gcc/arm-none-eabi/12.2.0/../../../../arm-none-eabi/lib/thumb/v7e-m+fp/hard/libc_nano.a(lib_a-readr.o)
 .debug_aranges
                0x00000640       0x28 /usr/lib/gcc/arm-none-eabi/12.2.0/../../../../arm-none-eabi/lib/thumb/v7e-m+fp/hard/libc_nano.a(lib_a-reent.o)
 .debug_aranges
                0x00000668       0x20 /usr/lib/gcc/arm-none-eabi/12.2.0/../../../../arm-none-eabi/lib/thumb/v7e-m+fp/hard/libnosys.a(close.o)
 .debug_aranges
                0x00000688       0x20 /usr/lib/gcc/arm-none-eabi/12.2.0/../../../../arm-none-eabi/lib/thumb/v7e-m+fp/hard/libnosys.a(fstat.o)
 .debug_aranges
                0x000006a8       0x20 /usr/lib/gcc/arm-none-eabi/12.2.0/../../../../arm-none-eabi/lib/thumb/v7e-m+fp/hard/libnosys.a(getpid.o)
 .debug_aranges
                0x000006c8       0x20 /usr/lib/gcc/arm-none-eabi/12.2.0/../../../../arm-none-eabi/lib/thumb/v7e-m+fp/hard/libnosys.a(isatty.o)
 .debug_aranges
                0x000006e8       0x20 /usr/lib/gcc/arm-none-eabi/12.2.0/../../../../arm-none-eabi/lib/thumb/v7e-m+fp/hard/libnosys.a(kill.o)
 .debug_aranges
                0x00000708       0x20 /usr/lib/gcc/arm-none-eabi/12.2.0/../../../../arm-none-eabi/lib/thumb/v7e-m+fp/hard/libnosys.a(lseek.o)
 .debug_aranges
                0x00000728       0x20 /usr/lib/gcc/arm-none-eabi/12.2.0/../../../../arm-none-eabi/lib/thumb/v7e-m+fp/hard/libnosys.a(read.o)
 .debug_aranges
                0x00000748       0x20 /usr/lib/gcc/arm-none-eabi/12.2.0/../../../../arm-none-eabi/lib/thumb/v7e-m+fp/hard/libnosys.a(sbrk.o)
 .debug_aranges
                0x00000768       0x20 /usr/lib/gcc/arm-none-eabi/12.2.0/../../../../arm-none-eabi/lib/thumb/v7e-m+fp/hard/libnosys.a(_exit.o)
 .debug_aranges
                0x00000788       0x50 /home/tatew/libopencm3/lib/libopencm3_stm32l4.a(gpio_common_all.o)
 .debug_aranges
                0x000007d8       0x30 /home/tatew/libopencm3/lib/libopencm3_stm32l4.a(gpio_common_f0234.o)
 .debug_aranges
                0x00000808      0x120 /home/tatew/libopencm3/lib/libopencm3_stm32l4.a(rcc.o)
 .debug_aranges
                0x00000928       0x80 /home/tatew/libopencm3/lib/libopencm3_stm32l4.a(rcc_common_all.o)
 .debug_aranges
                0x000009a8      0x278 /home/tatew/libopencm3/lib/libopencm3_stm32l4.a(timer_common_all.o)
 .debug_aranges
                0x00000c20       0xd8 /home/tatew/libopencm3/lib/libopencm3_stm32l4.a(usart_common_all.o)
 .debug_aranges
                0x00000cf8       0xa8 /home/tatew/libopencm3/lib/libopencm3_stm32l4.a(usart_common_v2.o)
 .debug_aranges
                0x00000da0       0x30 /home/tatew/libopencm3/lib/libopencm3_stm32l4.a(vector.o)
 .debug_aranges
                0x00000dd0       0x60 /home/tatew/libopencm3/lib/libopencm3_stm32l4.a(nvic.o)

.debug_ranges   0x00000000       0xc0
 .debug_ranges  0x00000000       0xc0 build/m3.o

.debug_line     0x00000000     0x9403
 .debug_line    0x00000000      0xaea build/m3.o
 .debug_line    0x00000aea      0x196 /usr/lib/gcc/arm-none-eabi/12.2.0/../../../../arm-none-eabi/lib/thumb/v7e-m+fp/hard/libc_nano.a(lib_a-assert.o)
 .debug_line    0x00000c80      0x155 /usr/lib/gcc/arm-none-eabi/12.2.0/../../../../arm-none-eabi/lib/thumb/v7e-m+fp/hard/libc_nano.a(lib_a-atoi.o)
 .debug_line    0x00000dd5      0x107 /usr/lib/gcc/arm-none-eabi/12.2.0/../../../../arm-none-eabi/lib/thumb/v7e-m+fp/hard/libc_nano.a(lib_a-errno.o)
 .debug_line    0x00000edc      0x1a5 /usr/lib/gcc/arm-none-eabi/12.2.0/../../../../arm-none-eabi/lib/thumb/v7e-m+fp/hard/libc_nano.a(lib_a-fprintf.o)
 .debug_line    0x00001081       0xe5 /usr/lib/gcc/arm-none-eabi/12.2.0/../../../../arm-none-eabi/lib/thumb/v7e-m+fp/hard/libc_nano.a(lib_a-impure.o)
 .debug_line    0x00001166      0x653 /usr/lib/gcc/arm-none-eabi/12.2.0/../../../../arm-none-eabi/lib/thumb/v7e-m+fp/hard/libc_nano.a(lib_a-nano-vfprintf.o)
 .debug_line    0x000017b9      0x686 /usr/lib/gcc/arm-none-eabi/12.2.0/../../../../arm-none-eabi/lib/thumb/v7e-m+fp/hard/libc_nano.a(lib_a-nano-vfprintf_i.o)
 .debug_line    0x00001e3f      0x220 /usr/lib/gcc/arm-none-eabi/12.2.0/../../../../arm-none-eabi/lib/thumb/v7e-m+fp/hard/libc_nano.a(lib_a-printf.o)
 .debug_line    0x0000205f      0x3b7 /usr/lib/gcc/arm-none-eabi/12.2.0/../../../../arm-none-eabi/lib/thumb/v7e-m+fp/hard/libc_nano.a(lib_a-strtol.o)
 .debug_line    0x00002416      0x265 /usr/lib/gcc/arm-none-eabi/12.2.0/../../../../arm-none-eabi/lib/thumb/v7e-m+fp/hard/libc_nano.a(lib_a-wbuf.o)
 .debug_line    0x0000267b      0x2a9 /usr/lib/gcc/arm-none-eabi/12.2.0/../../../../arm-none-eabi/lib/thumb/v7e-m+fp/hard/libc_nano.a(lib_a-wsetup.o)
 .debug_line    0x00002924      0x10b /usr/lib/gcc/arm-none-eabi/12.2.0/../../../../arm-none-eabi/lib/thumb/v7e-m+fp/hard/libc_nano.a(lib_a-abort.o)
 .debug_line    0x00002a2f       0x5f /usr/lib/gcc/arm-none-eabi/12.2.0/../../../../arm-none-eabi/lib/thumb/v7e-m+fp/hard/libc_nano.a(lib_a-ctype_.o)
 .debug_line    0x00002a8e      0x40f /usr/lib/gcc/arm-none-eabi/12.2.0/../../../../arm-none-eabi/lib/thumb/v7e-m+fp/hard/libc_nano.a(lib_a-fflush.o)
 .debug_line    0x00002e9d      0x509 /usr/lib/gcc/arm-none-eabi/12.2.0/../../../../arm-none-eabi/lib/thumb/v7e-m+fp/hard/libc_nano.a(lib_a-findfp.o)
 .debug_line    0x000033a6      0x23a /usr/lib/gcc/arm-none-eabi/12.2.0/../../../../arm-none-eabi/lib/thumb/v7e-m+fp/hard/libc_nano.a(lib_a-fwalk.o)
 .debug_line    0x000035e0       0xc2 /usr/lib/gcc/arm-none-eabi/12.2.0/../../../../arm-none-eabi/lib/thumb/v7e-m+fp/hard/libc_nano.a(lib_a-lock.o)
 .debug_line    0x000036a2      0x315 /usr/lib/gcc/arm-none-eabi/12.2.0/../../../../arm-none-eabi/lib/thumb/v7e-m+fp/hard/libc_nano.a(lib_a-makebuf.o)
 .debug_line    0x000039b7       0x82 /usr/lib/gcc/arm-none-eabi/12.2.0/../../../../arm-none-eabi/lib/thumb/v7e-m+fp/hard/libc_nano.a(lib_a-memchr.o)
 .debug_line    0x00003a39      0x100 /usr/lib/gcc/arm-none-eabi/12.2.0/../../../../arm-none-eabi/lib/thumb/v7e-m+fp/hard/libc_nano.a(lib_a-memset.o)
 .debug_line    0x00003b39      0x27c /usr/lib/gcc/arm-none-eabi/12.2.0/../../../../arm-none-eabi/lib/thumb/v7e-m+fp/hard/libc_nano.a(lib_a-nano-freer.o)
 .debug_line    0x00003db5      0x318 /usr/lib/gcc/arm-none-eabi/12.2.0/../../../../arm-none-eabi/lib/thumb/v7e-m+fp/hard/libc_nano.a(lib_a-nano-mallocr.o)
 .debug_line    0x000040cd      0x182 /usr/lib/gcc/arm-none-eabi/12.2.0/../../../../arm-none-eabi/lib/thumb/v7e-m+fp/hard/libc_nano.a(lib_a-sbrkr.o)
 .debug_line    0x0000424f      0x3a7 /usr/lib/gcc/arm-none-eabi/12.2.0/../../../../arm-none-eabi/lib/thumb/v7e-m+fp/hard/libc_nano.a(lib_a-signal.o)
 .debug_line    0x000045f6      0x1b3 /usr/lib/gcc/arm-none-eabi/12.2.0/../../../../arm-none-eabi/lib/thumb/v7e-m+fp/hard/libc_nano.a(lib_a-signalr.o)
 .debug_line    0x000047a9      0x25b /usr/lib/gcc/arm-none-eabi/12.2.0/../../../../arm-none-eabi/lib/thumb/v7e-m+fp/hard/libc_nano.a(lib_a-stdio.o)
 .debug_line    0x00004a04      0x181 /usr/lib/gcc/arm-none-eabi/12.2.0/../../../../arm-none-eabi/lib/thumb/v7e-m+fp/hard/libc_nano.a(lib_a-writer.o)
 .debug_line    0x00004b85      0x182 /usr/lib/gcc/arm-none-eabi/12.2.0/../../../../arm-none-eabi/lib/thumb/v7e-m+fp/hard/libc_nano.a(lib_a-closer.o)
 .debug_line    0x00004d07      0x1fb /usr/lib/gcc/arm-none-eabi/12.2.0/../../../../arm-none-eabi/lib/thumb/v7e-m+fp/hard/libc_nano.a(lib_a-fstatr.o)
 .debug_line    0x00004f02      0x183 /usr/lib/gcc/arm-none-eabi/12.2.0/../../../../arm-none-eabi/lib/thumb/v7e-m+fp/hard/libc_nano.a(lib_a-isattyr.o)
 .debug_line    0x00005085      0x181 /usr/lib/gcc/arm-none-eabi/12.2.0/../../../../arm-none-eabi/lib/thumb/v7e-m+fp/hard/libc_nano.a(lib_a-lseekr.o)
 .debug_line    0x00005206      0x154 /usr/lib/gcc/arm-none-eabi/12.2.0/../../../../arm-none-eabi/lib/thumb/v7e-m+fp/hard/libc_nano.a(lib_a-mlock.o)
 .debug_line    0x0000535a      0x180 /usr/lib/gcc/arm-none-eabi/12.2.0/../../../../arm-none-eabi/lib/thumb/v7e-m+fp/hard/libc_nano.a(lib_a-readr.o)
 .debug_line    0x000054da      0x287 /usr/lib/gcc/arm-none-eabi/12.2.0/../../../../arm-none-eabi/lib/thumb/v7e-m+fp/hard/libc_nano.a(lib_a-reent.o)
 .debug_line    0x00005761       0x70 /usr/lib/gcc/arm-none-eabi/12.2.0/../../../../arm-none-eabi/lib/thumb/v7e-m+fp/hard/libnosys.a(close.o)
 .debug_line    0x000057d1      0x13c /usr/lib/gcc/arm-none-eabi/12.2.0/../../../../arm-none-eabi/lib/thumb/v7e-m+fp/hard/libnosys.a(fstat.o)
 .debug_line    0x0000590d       0x70 /usr/lib/gcc/arm-none-eabi/12.2.0/../../../../arm-none-eabi/lib/thumb/v7e-m+fp/hard/libnosys.a(getpid.o)
 .debug_line    0x0000597d       0x71 /usr/lib/gcc/arm-none-eabi/12.2.0/../../../../arm-none-eabi/lib/thumb/v7e-m+fp/hard/libnosys.a(isatty.o)
 .debug_line    0x000059ee       0x6f /usr/lib/gcc/arm-none-eabi/12.2.0/../../../../arm-none-eabi/lib/thumb/v7e-m+fp/hard/libnosys.a(kill.o)
 .debug_line    0x00005a5d       0x71 /usr/lib/gcc/arm-none-eabi/12.2.0/../../../../arm-none-eabi/lib/thumb/v7e-m+fp/hard/libnosys.a(lseek.o)
 .debug_line    0x00005ace       0x70 /usr/lib/gcc/arm-none-eabi/12.2.0/../../../../arm-none-eabi/lib/thumb/v7e-m+fp/hard/libnosys.a(read.o)
 .debug_line    0x00005b3e       0x79 /usr/lib/gcc/arm-none-eabi/12.2.0/../../../../arm-none-eabi/lib/thumb/v7e-m+fp/hard/libnosys.a(sbrk.o)
 .debug_line    0x00005bb7       0x6c /usr/lib/gcc/arm-none-eabi/12.2.0/../../../../arm-none-eabi/lib/thumb/v7e-m+fp/hard/libnosys.a(_exit.o)
 .debug_line    0x00005c23      0x360 /home/tatew/libopencm3/lib/libopencm3_stm32l4.a(gpio_common_all.o)
 .debug_line    0x00005f83      0x430 /home/tatew/libopencm3/lib/libopencm3_stm32l4.a(gpio_common_f0234.o)
 .debug_line    0x000063b3      0xafc /home/tatew/libopencm3/lib/libopencm3_stm32l4.a(rcc.o)
 .debug_line    0x00006eaf      0x3eb /home/tatew/libopencm3/lib/libopencm3_stm32l4.a(rcc_common_all.o)
 .debug_line    0x0000729a     0x103b /home/tatew/libopencm3/lib/libopencm3_stm32l4.a(timer_common_all.o)
 .debug_line    0x000082d5      0x5ce /home/tatew/libopencm3/lib/libopencm3_stm32l4.a(usart_common_all.o)
 .debug_line    0x000088a3      0x475 /home/tatew/libopencm3/lib/libopencm3_stm32l4.a(usart_common_v2.o)
 .debug_line    0x00008d18      0x3b2 /home/tatew/libopencm3/lib/libopencm3_stm32l4.a(vector.o)
 .debug_line    0x000090ca      0x339 /home/tatew/libopencm3/lib/libopencm3_stm32l4.a(nvic.o)

.debug_str      0x00000000    0x179eb
 .debug_str     0x00000000      0xc0b build/m3.o
                                0xcf1 (size before relaxing)
 .debug_str     0x00000c0b      0x417 /usr/lib/gcc/arm-none-eabi/12.2.0/../../../../arm-none-eabi/lib/thumb/v7e-m+fp/hard/libc_nano.a(lib_a-assert.o)
                                0x556 (size before relaxing)
 .debug_str     0x00001022       0x4b /usr/lib/gcc/arm-none-eabi/12.2.0/../../../../arm-none-eabi/lib/thumb/v7e-m+fp/hard/libc_nano.a(lib_a-atoi.o)
                                0x521 (size before relaxing)
 .debug_str     0x0000106d       0x94 /usr/lib/gcc/arm-none-eabi/12.2.0/../../../../arm-none-eabi/lib/thumb/v7e-m+fp/hard/libc_nano.a(lib_a-errno.o)
                                0x516 (size before relaxing)
 .debug_str     0x00001101       0xcb /usr/lib/gcc/arm-none-eabi/12.2.0/../../../../arm-none-eabi/lib/thumb/v7e-m+fp/hard/libc_nano.a(lib_a-fprintf.o)
                                0x55a (size before relaxing)
 .debug_str     0x000011cc       0xf3 /usr/lib/gcc/arm-none-eabi/12.2.0/../../../../arm-none-eabi/lib/thumb/v7e-m+fp/hard/libc_nano.a(lib_a-impure.o)
                                0x56d (size before relaxing)
 .debug_str     0x000012bf      0x2f7 /usr/lib/gcc/arm-none-eabi/12.2.0/../../../../arm-none-eabi/lib/thumb/v7e-m+fp/hard/libc_nano.a(lib_a-nano-vfprintf.o)
                                0x90c (size before relaxing)
 .debug_str     0x000015b6       0x94 /usr/lib/gcc/arm-none-eabi/12.2.0/../../../../arm-none-eabi/lib/thumb/v7e-m+fp/hard/libc_nano.a(lib_a-nano-vfprintf_i.o)
                                0x7fb (size before relaxing)
 .debug_str     0x0000164a       0x3d /usr/lib/gcc/arm-none-eabi/12.2.0/../../../../arm-none-eabi/lib/thumb/v7e-m+fp/hard/libc_nano.a(lib_a-printf.o)
                                0x55f (size before relaxing)
 .debug_str     0x00001687       0xb3 /usr/lib/gcc/arm-none-eabi/12.2.0/../../../../arm-none-eabi/lib/thumb/v7e-m+fp/hard/libc_nano.a(lib_a-strtol.o)
                                0x79e (size before relaxing)
 .debug_str     0x0000173a       0x43 /usr/lib/gcc/arm-none-eabi/12.2.0/../../../../arm-none-eabi/lib/thumb/v7e-m+fp/hard/libc_nano.a(lib_a-wbuf.o)
                                0x591 (size before relaxing)
 .debug_str     0x0000177d       0x48 /usr/lib/gcc/arm-none-eabi/12.2.0/../../../../arm-none-eabi/lib/thumb/v7e-m+fp/hard/libc_nano.a(lib_a-wsetup.o)
                                0x58c (size before relaxing)
 .debug_str     0x000017c5       0x3f /usr/lib/gcc/arm-none-eabi/12.2.0/../../../../arm-none-eabi/lib/thumb/v7e-m+fp/hard/libc_nano.a(lib_a-abort.o)
                                0x1c1 (size before relaxing)
 .debug_str     0x00001804       0x95 /usr/lib/gcc/arm-none-eabi/12.2.0/../../../../arm-none-eabi/lib/thumb/v7e-m+fp/hard/libc_nano.a(lib_a-ctype_.o)
                                0x1b6 (size before relaxing)
 .debug_str     0x00001899       0x63 /usr/lib/gcc/arm-none-eabi/12.2.0/../../../../arm-none-eabi/lib/thumb/v7e-m+fp/hard/libc_nano.a(lib_a-fflush.o)
                                0x611 (size before relaxing)
 .debug_str     0x000018fc      0x22a /usr/lib/gcc/arm-none-eabi/12.2.0/../../../../arm-none-eabi/lib/thumb/v7e-m+fp/hard/libc_nano.a(lib_a-findfp.o)
                                0x818 (size before relaxing)
 .debug_str     0x00001b26       0x41 /usr/lib/gcc/arm-none-eabi/12.2.0/../../../../arm-none-eabi/lib/thumb/v7e-m+fp/hard/libc_nano.a(lib_a-fwalk.o)
                                0x533 (size before relaxing)
 .debug_str     0x00001b67      0x212 /usr/lib/gcc/arm-none-eabi/12.2.0/../../../../arm-none-eabi/lib/thumb/v7e-m+fp/hard/libc_nano.a(lib_a-lock.o)
                                0x34e (size before relaxing)
 .debug_str     0x00001d79      0x159 /usr/lib/gcc/arm-none-eabi/12.2.0/../../../../arm-none-eabi/lib/thumb/v7e-m+fp/hard/libc_nano.a(lib_a-makebuf.o)
                                0x6ba (size before relaxing)
 .debug_str     0x00001ed2       0xb0 /usr/lib/gcc/arm-none-eabi/12.2.0/../../../../arm-none-eabi/lib/thumb/v7e-m+fp/hard/libc_nano.a(lib_a-memchr.o)
 .debug_str     0x00001f82       0x97 /usr/lib/gcc/arm-none-eabi/12.2.0/../../../../arm-none-eabi/lib/thumb/v7e-m+fp/hard/libc_nano.a(lib_a-memset.o)
                                0x1be (size before relaxing)
 .debug_str     0x00002019       0xb4 /usr/lib/gcc/arm-none-eabi/12.2.0/../../../../arm-none-eabi/lib/thumb/v7e-m+fp/hard/libc_nano.a(lib_a-nano-freer.o)
                                0x5a4 (size before relaxing)
 .debug_str     0x000020cd       0x67 /usr/lib/gcc/arm-none-eabi/12.2.0/../../../../arm-none-eabi/lib/thumb/v7e-m+fp/hard/libc_nano.a(lib_a-nano-mallocr.o)
                                0x603 (size before relaxing)
 .debug_str     0x00002134       0x3d /usr/lib/gcc/arm-none-eabi/12.2.0/../../../../arm-none-eabi/lib/thumb/v7e-m+fp/hard/libc_nano.a(lib_a-sbrkr.o)
                                0x525 (size before relaxing)
 .debug_str     0x00002171       0xfd /usr/lib/gcc/arm-none-eabi/12.2.0/../../../../arm-none-eabi/lib/thumb/v7e-m+fp/hard/libc_nano.a(lib_a-signal.o)
                                0x5a4 (size before relaxing)
 .debug_str     0x0000226e       0x4a /usr/lib/gcc/arm-none-eabi/12.2.0/../../../../arm-none-eabi/lib/thumb/v7e-m+fp/hard/libc_nano.a(lib_a-signalr.o)
                                0x538 (size before relaxing)
 .debug_str     0x000022b8       0x70 /usr/lib/gcc/arm-none-eabi/12.2.0/../../../../arm-none-eabi/lib/thumb/v7e-m+fp/hard/libc_nano.a(lib_a-stdio.o)
                                0x589 (size before relaxing)
 .debug_str     0x00002328       0x33 /usr/lib/gcc/arm-none-eabi/12.2.0/../../../../arm-none-eabi/lib/thumb/v7e-m+fp/hard/libc_nano.a(lib_a-writer.o)
                                0x522 (size before relaxing)
 .debug_str     0x0000235b       0x33 /usr/lib/gcc/arm-none-eabi/12.2.0/../../../../arm-none-eabi/lib/thumb/v7e-m+fp/hard/libc_nano.a(lib_a-closer.o)
                                0x512 (size before relaxing)
 .debug_str     0x0000238e       0x40 /usr/lib/gcc/arm-none-eabi/12.2.0/../../../../arm-none-eabi/lib/thumb/v7e-m+fp/hard/libc_nano.a(lib_a-fstatr.o)
                                0x664 (size before relaxing)
 .debug_str     0x000023ce       0x3c /usr/lib/gcc/arm-none-eabi/12.2.0/../../../../arm-none-eabi/lib/thumb/v7e-m+fp/hard/libc_nano.a(lib_a-isattyr.o)
                                0x51c (size before relaxing)
 .debug_str     0x0000240a       0x3a /usr/lib/gcc/arm-none-eabi/12.2.0/../../../../arm-none-eabi/lib/thumb/v7e-m+fp/hard/libc_nano.a(lib_a-lseekr.o)
                                0x520 (size before relaxing)
 .debug_str     0x00002444       0x33 /usr/lib/gcc/arm-none-eabi/12.2.0/../../../../arm-none-eabi/lib/thumb/v7e-m+fp/hard/libc_nano.a(lib_a-mlock.o)
                                0x59f (size before relaxing)
 .debug_str     0x00002477       0x32 /usr/lib/gcc/arm-none-eabi/12.2.0/../../../../arm-none-eabi/lib/thumb/v7e-m+fp/hard/libc_nano.a(lib_a-readr.o)
                                0x520 (size before relaxing)
 .debug_str     0x000024a9       0x5e /usr/lib/gcc/arm-none-eabi/12.2.0/../../../../arm-none-eabi/lib/thumb/v7e-m+fp/hard/libc_nano.a(lib_a-reent.o)
                                0x54d (size before relaxing)
 .debug_str     0x00002507      0x10b /usr/lib/gcc/arm-none-eabi/12.2.0/../../../../arm-none-eabi/lib/thumb/v7e-m+fp/hard/libnosys.a(close.o)
                                0x1ad (size before relaxing)
 .debug_str     0x00002612       0x2f /usr/lib/gcc/arm-none-eabi/12.2.0/../../../../arm-none-eabi/lib/thumb/v7e-m+fp/hard/libnosys.a(fstat.o)
                                0x2f9 (size before relaxing)
 .debug_str     0x00002641       0x30 /usr/lib/gcc/arm-none-eabi/12.2.0/../../../../arm-none-eabi/lib/thumb/v7e-m+fp/hard/libnosys.a(getpid.o)
                                0x1a8 (size before relaxing)
 .debug_str     0x00002671       0x30 /usr/lib/gcc/arm-none-eabi/12.2.0/../../../../arm-none-eabi/lib/thumb/v7e-m+fp/hard/libnosys.a(isatty.o)
                                0x1ad (size before relaxing)
 .debug_str     0x000026a1       0x2e /usr/lib/gcc/arm-none-eabi/12.2.0/../../../../arm-none-eabi/lib/thumb/v7e-m+fp/hard/libnosys.a(kill.o)
                                0x1a4 (size before relaxing)
 .debug_str     0x000026cf       0x2f /usr/lib/gcc/arm-none-eabi/12.2.0/../../../../arm-none-eabi/lib/thumb/v7e-m+fp/hard/libnosys.a(lseek.o)
                                0x1ab (size before relaxing)
 .debug_str     0x000026fe       0x2e /usr/lib/gcc/arm-none-eabi/12.2.0/../../../../arm-none-eabi/lib/thumb/v7e-m+fp/hard/libnosys.a(read.o)
                                0x1a9 (size before relaxing)
 .debug_str     0x0000272c       0x3c /usr/lib/gcc/arm-none-eabi/12.2.0/../../../../arm-none-eabi/lib/thumb/v7e-m+fp/hard/libnosys.a(sbrk.o)
                                0x12a (size before relaxing)
 .debug_str     0x00002768       0x2f /usr/lib/gcc/arm-none-eabi/12.2.0/../../../../arm-none-eabi/lib/thumb/v7e-m+fp/hard/libnosys.a(_exit.o)
                                0x19a (size before relaxing)
 .debug_str     0x00002797     0x6488 /home/tatew/libopencm3/lib/libopencm3_stm32l4.a(gpio_common_all.o)
                               0x6635 (size before relaxing)
 .debug_str     0x00008c1f       0x79 /home/tatew/libopencm3/lib/libopencm3_stm32l4.a(gpio_common_f0234.o)
                               0x6657 (size before relaxing)
 .debug_str     0x00008c98     0x53f6 /home/tatew/libopencm3/lib/libopencm3_stm32l4.a(rcc.o)
                               0xa963 (size before relaxing)
 .debug_str     0x0000e08e      0x170 /home/tatew/libopencm3/lib/libopencm3_stm32l4.a(rcc_common_all.o)
                               0x9875 (size before relaxing)
 .debug_str     0x0000e1fe     0x4aa5 /home/tatew/libopencm3/lib/libopencm3_stm32l4.a(timer_common_all.o)
                               0xdb02 (size before relaxing)
 .debug_str     0x00012ca3     0x1e7d /home/tatew/libopencm3/lib/libopencm3_stm32l4.a(usart_common_all.o)
                               0xaf52 (size before relaxing)
 .debug_str     0x00014b20      0x181 /home/tatew/libopencm3/lib/libopencm3_stm32l4.a(usart_common_v2.o)
                               0x6e7c (size before relaxing)
 .debug_str     0x00014ca1     0x2c86 /home/tatew/libopencm3/lib/libopencm3_stm32l4.a(vector.o)
                               0x6e97 (size before relaxing)
 .debug_str     0x00017927       0xc4 /home/tatew/libopencm3/lib/libopencm3_stm32l4.a(nvic.o)
                               0x6169 (size before relaxing)

.comment        0x00000000       0x46
 .comment       0x00000000       0x23 build/m3.o
                                 0x24 (size before relaxing)
 .comment       0x00000023       0x23 /usr/lib/gcc/arm-none-eabi/12.2.0/../../../../arm-none-eabi/lib/thumb/v7e-m+fp/hard/libc_nano.a(lib_a-assert.o)
                                 0x24 (size before relaxing)
 .comment       0x00000046       0x24 /usr/lib/gcc/arm-none-eabi/12.2.0/../../../../arm-none-eabi/lib/thumb/v7e-m+fp/hard/libc_nano.a(lib_a-atoi.o)
 .comment       0x00000046       0x24 /usr/lib/gcc/arm-none-eabi/12.2.0/../../../../arm-none-eabi/lib/thumb/v7e-m+fp/hard/libc_nano.a(lib_a-errno.o)
 .comment       0x00000046       0x24 /usr/lib/gcc/arm-none-eabi/12.2.0/../../../../arm-none-eabi/lib/thumb/v7e-m+fp/hard/libc_nano.a(lib_a-fprintf.o)
 .comment       0x00000046       0x24 /usr/lib/gcc/arm-none-eabi/12.2.0/../../../../arm-none-eabi/lib/thumb/v7e-m+fp/hard/libc_nano.a(lib_a-impure.o)
 .comment       0x00000046       0x24 /usr/lib/gcc/arm-none-eabi/12.2.0/../../../../arm-none-eabi/lib/thumb/v7e-m+fp/hard/libc_nano.a(lib_a-nano-vfprintf.o)
 .comment       0x00000046       0x24 /usr/lib/gcc/arm-none-eabi/12.2.0/../../../../arm-none-eabi/lib/thumb/v7e-m+fp/hard/libc_nano.a(lib_a-nano-vfprintf_i.o)
 .comment       0x00000046       0x24 /usr/lib/gcc/arm-none-eabi/12.2.0/../../../../arm-none-eabi/lib/thumb/v7e-m+fp/hard/libc_nano.a(lib_a-printf.o)
 .comment       0x00000046       0x24 /usr/lib/gcc/arm-none-eabi/12.2.0/../../../../arm-none-eabi/lib/thumb/v7e-m+fp/hard/libc_nano.a(lib_a-strtol.o)
 .comment       0x00000046       0x24 /usr/lib/gcc/arm-none-eabi/12.2.0/../../../../arm-none-eabi/lib/thumb/v7e-m+fp/hard/libc_nano.a(lib_a-wbuf.o)
 .comment       0x00000046       0x24 /usr/lib/gcc/arm-none-eabi/12.2.0/../../../../arm-none-eabi/lib/thumb/v7e-m+fp/hard/libc_nano.a(lib_a-wsetup.o)
 .comment       0x00000046       0x24 /usr/lib/gcc/arm-none-eabi/12.2.0/../../../../arm-none-eabi/lib/thumb/v7e-m+fp/hard/libc_nano.a(lib_a-abort.o)
 .comment       0x00000046       0x24 /usr/lib/gcc/arm-none-eabi/12.2.0/../../../../arm-none-eabi/lib/thumb/v7e-m+fp/hard/libc_nano.a(lib_a-ctype_.o)
 .comment       0x00000046       0x24 /usr/lib/gcc/arm-none-eabi/12.2.0/../../../../arm-none-eabi/lib/thumb/v7e-m+fp/hard/libc_nano.a(lib_a-fflush.o)
 .comment       0x00000046       0x24 /usr/lib/gcc/arm-none-eabi/12.2.0/../../../../arm-none-eabi/lib/thumb/v7e-m+fp/hard/libc_nano.a(lib_a-findfp.o)
 .comment       0x00000046       0x24 /usr/lib/gcc/arm-none-eabi/12.2.0/../../../../arm-none-eabi/lib/thumb/v7e-m+fp/hard/libc_nano.a(lib_a-fwalk.o)
 .comment       0x00000046       0x24 /usr/lib/gcc/arm-none-eabi/12.2.0/../../../../arm-none-eabi/lib/thumb/v7e-m+fp/hard/libc_nano.a(lib_a-lock.o)
 .comment       0x00000046       0x24 /usr/lib/gcc/arm-none-eabi/12.2.0/../../../../arm-none-eabi/lib/thumb/v7e-m+fp/hard/libc_nano.a(lib_a-makebuf.o)
 .comment       0x00000046       0x24 /usr/lib/gcc/arm-none-eabi/12.2.0/../../../../arm-none-eabi/lib/thumb/v7e-m+fp/hard/libc_nano.a(lib_a-memset.o)
 .comment       0x00000046       0x24 /usr/lib/gcc/arm-none-eabi/12.2.0/../../../../arm-none-eabi/lib/thumb/v7e-m+fp/hard/libc_nano.a(lib_a-nano-freer.o)
 .comment       0x00000046       0x24 /usr/lib/gcc/arm-none-eabi/12.2.0/../../../../arm-none-eabi/lib/thumb/v7e-m+fp/hard/libc_nano.a(lib_a-nano-mallocr.o)
 .comment       0x00000046       0x24 /usr/lib/gcc/arm-none-eabi/12.2.0/../../../../arm-none-eabi/lib/thumb/v7e-m+fp/hard/libc_nano.a(lib_a-sbrkr.o)
 .comment       0x00000046       0x24 /usr/lib/gcc/arm-none-eabi/12.2.0/../../../../arm-none-eabi/lib/thumb/v7e-m+fp/hard/libc_nano.a(lib_a-signal.o)
 .comment       0x00000046       0x24 /usr/lib/gcc/arm-none-eabi/12.2.0/../../../../arm-none-eabi/lib/thumb/v7e-m+fp/hard/libc_nano.a(lib_a-signalr.o)
 .comment       0x00000046       0x24 /usr/lib/gcc/arm-none-eabi/12.2.0/../../../../arm-none-eabi/lib/thumb/v7e-m+fp/hard/libc_nano.a(lib_a-stdio.o)
 .comment       0x00000046       0x24 /usr/lib/gcc/arm-none-eabi/12.2.0/../../../../arm-none-eabi/lib/thumb/v7e-m+fp/hard/libc_nano.a(lib_a-writer.o)
 .comment       0x00000046       0x24 /usr/lib/gcc/arm-none-eabi/12.2.0/../../../../arm-none-eabi/lib/thumb/v7e-m+fp/hard/libc_nano.a(lib_a-closer.o)
 .comment       0x00000046       0x24 /usr/lib/gcc/arm-none-eabi/12.2.0/../../../../arm-none-eabi/lib/thumb/v7e-m+fp/hard/libc_nano.a(lib_a-fstatr.o)
 .comment       0x00000046       0x24 /usr/lib/gcc/arm-none-eabi/12.2.0/../../../../arm-none-eabi/lib/thumb/v7e-m+fp/hard/libc_nano.a(lib_a-isattyr.o)
 .comment       0x00000046       0x24 /usr/lib/gcc/arm-none-eabi/12.2.0/../../../../arm-none-eabi/lib/thumb/v7e-m+fp/hard/libc_nano.a(lib_a-lseekr.o)
 .comment       0x00000046       0x24 /usr/lib/gcc/arm-none-eabi/12.2.0/../../../../arm-none-eabi/lib/thumb/v7e-m+fp/hard/libc_nano.a(lib_a-mlock.o)
 .comment       0x00000046       0x24 /usr/lib/gcc/arm-none-eabi/12.2.0/../../../../arm-none-eabi/lib/thumb/v7e-m+fp/hard/libc_nano.a(lib_a-readr.o)
 .comment       0x00000046       0x24 /usr/lib/gcc/arm-none-eabi/12.2.0/../../../../arm-none-eabi/lib/thumb/v7e-m+fp/hard/libc_nano.a(lib_a-reent.o)
 .comment       0x00000046       0x24 /usr/lib/gcc/arm-none-eabi/12.2.0/../../../../arm-none-eabi/lib/thumb/v7e-m+fp/hard/libnosys.a(close.o)
 .comment       0x00000046       0x24 /usr/lib/gcc/arm-none-eabi/12.2.0/../../../../arm-none-eabi/lib/thumb/v7e-m+fp/hard/libnosys.a(fstat.o)
 .comment       0x00000046       0x24 /usr/lib/gcc/arm-none-eabi/12.2.0/../../../../arm-none-eabi/lib/thumb/v7e-m+fp/hard/libnosys.a(getpid.o)
 .comment       0x00000046       0x24 /usr/lib/gcc/arm-none-eabi/12.2.0/../../../../arm-none-eabi/lib/thumb/v7e-m+fp/hard/libnosys.a(isatty.o)
 .comment       0x00000046       0x24 /usr/lib/gcc/arm-none-eabi/12.2.0/../../../../arm-none-eabi/lib/thumb/v7e-m+fp/hard/libnosys.a(kill.o)
 .comment       0x00000046       0x24 /usr/lib/gcc/arm-none-eabi/12.2.0/../../../../arm-none-eabi/lib/thumb/v7e-m+fp/hard/libnosys.a(lseek.o)
 .comment       0x00000046       0x24 /usr/lib/gcc/arm-none-eabi/12.2.0/../../../../arm-none-eabi/lib/thumb/v7e-m+fp/hard/libnosys.a(read.o)
 .comment       0x00000046       0x24 /usr/lib/gcc/arm-none-eabi/12.2.0/../../../../arm-none-eabi/lib/thumb/v7e-m+fp/hard/libnosys.a(sbrk.o)
 .comment       0x00000046       0x24 /usr/lib/gcc/arm-none-eabi/12.2.0/../../../../arm-none-eabi/lib/thumb/v7e-m+fp/hard/libnosys.a(_exit.o)
 .comment       0x00000046       0x24 /home/tatew/libopencm3/lib/libopencm3_stm32l4.a(gpio_common_all.o)
 .comment       0x00000046       0x24 /home/tatew/libopencm3/lib/libopencm3_stm32l4.a(gpio_common_f0234.o)
 .comment       0x00000046       0x24 /home/tatew/libopencm3/lib/libopencm3_stm32l4.a(rcc.o)
 .comment       0x00000046       0x24 /home/tatew/libopencm3/lib/libopencm3_stm32l4.a(rcc_common_all.o)
 .comment       0x00000046       0x24 /home/tatew/libopencm3/lib/libopencm3_stm32l4.a(timer_common_all.o)
 .comment       0x00000046       0x24 /home/tatew/libopencm3/lib/libopencm3_stm32l4.a(usart_common_all.o)
 .comment       0x00000046       0x24 /home/tatew/libopencm3/lib/libopencm3_stm32l4.a(usart_common_v2.o)
 .comment       0x00000046       0x24 /home/tatew/libopencm3/lib/libopencm3_stm32l4.a(vector.o)
 .comment       0x00000046       0x24 /home/tatew/libopencm3/lib/libopencm3_stm32l4.a(nvic.o)

.ARM.attributes
                0x00000000       0x32
 .ARM.attributes
                0x00000000       0x34 build/m3.o
 .ARM.attributes
                0x00000034       0x34 /usr/lib/gcc/arm-none-eabi/12.2.0/../../../../arm-none-eabi/lib/thumb/v7e-m+fp/hard/libc_nano.a(lib_a-assert.o)
 .ARM.attributes
                0x00000068       0x34 /usr/lib/gcc/arm-none-eabi/12.2.0/../../../../arm-none-eabi/lib/thumb/v7e-m+fp/hard/libc_nano.a(lib_a-atoi.o)
 .ARM.attributes
                0x0000009c       0x34 /usr/lib/gcc/arm-none-eabi/12.2.0/../../../../arm-none-eabi/lib/thumb/v7e-m+fp/hard/libc_nano.a(lib_a-errno.o)
 .ARM.attributes
                0x000000d0       0x34 /usr/lib/gcc/arm-none-eabi/12.2.0/../../../../arm-none-eabi/lib/thumb/v7e-m+fp/hard/libc_nano.a(lib_a-fprintf.o)
 .ARM.attributes
                0x00000104       0x32 /usr/lib/gcc/arm-none-eabi/12.2.0/../../../../arm-none-eabi/lib/thumb/v7e-m+fp/hard/libc_nano.a(lib_a-impure.o)
 .ARM.attributes
                0x00000136       0x34 /usr/lib/gcc/arm-none-eabi/12.2.0/../../../../arm-none-eabi/lib/thumb/v7e-m+fp/hard/libc_nano.a(lib_a-nano-vfprintf.o)
 .ARM.attributes
                0x0000016a       0x34 /usr/lib/gcc/arm-none-eabi/12.2.0/../../../../arm-none-eabi/lib/thumb/v7e-m+fp/hard/libc_nano.a(lib_a-nano-vfprintf_i.o)
 .ARM.attributes
                0x0000019e       0x34 /usr/lib/gcc/arm-none-eabi/12.2.0/../../../../arm-none-eabi/lib/thumb/v7e-m+fp/hard/libc_nano.a(lib_a-printf.o)
 .ARM.attributes
                0x000001d2       0x34 /usr/lib/gcc/arm-none-eabi/12.2.0/../../../../arm-none-eabi/lib/thumb/v7e-m+fp/hard/libc_nano.a(lib_a-strtol.o)
 .ARM.attributes
                0x00000206       0x34 /usr/lib/gcc/arm-none-eabi/12.2.0/../../../../arm-none-eabi/lib/thumb/v7e-m+fp/hard/libc_nano.a(lib_a-wbuf.o)
 .ARM.attributes
                0x0000023a       0x34 /usr/lib/gcc/arm-none-eabi/12.2.0/../../../../arm-none-eabi/lib/thumb/v7e-m+fp/hard/libc_nano.a(lib_a-wsetup.o)
 .ARM.attributes
                0x0000026e       0x34 /usr/lib/gcc/arm-none-eabi/12.2.0/../../../../arm-none-eabi/lib/thumb/v7e-m+fp/hard/libc_nano.a(lib_a-abort.o)
 .ARM.attributes
                0x000002a2       0x32 /usr/lib/gcc/arm-none-eabi/12.2.0/../../../../arm-none-eabi/lib/thumb/v7e-m+fp/hard/libc_nano.a(lib_a-ctype_.o)
 .ARM.attributes
                0x000002d4       0x34 /usr/lib/gcc/arm-none-eabi/12.2.0/../../../../arm-none-eabi/lib/thumb/v7e-m+fp/hard/libc_nano.a(lib_a-fflush.o)
 .ARM.attributes
                0x00000308       0x34 /usr/lib/gcc/arm-none-eabi/12.2.0/../../../../arm-none-eabi/lib/thumb/v7e-m+fp/hard/libc_nano.a(lib_a-findfp.o)
 .ARM.attributes
                0x0000033c       0x34 /usr/lib/gcc/arm-none-eabi/12.2.0/../../../../arm-none-eabi/lib/thumb/v7e-m+fp/hard/libc_nano.a(lib_a-fwalk.o)
 .ARM.attributes
                0x00000370       0x34 /usr/lib/gcc/arm-none-eabi/12.2.0/../../../../arm-none-eabi/lib/thumb/v7e-m+fp/hard/libc_nano.a(lib_a-lock.o)
 .ARM.attributes
                0x000003a4       0x34 /usr/lib/gcc/arm-none-eabi/12.2.0/../../../../arm-none-eabi/lib/thumb/v7e-m+fp/hard/libc_nano.a(lib_a-makebuf.o)
 .ARM.attributes
                0x000003d8       0x1c /usr/lib/gcc/arm-none-eabi/12.2.0/../../../../arm-none-eabi/lib/thumb/v7e-m+fp/hard/libc_nano.a(lib_a-memchr.o)
 .ARM.attributes
                0x000003f4       0x34 /usr/lib/gcc/arm-none-eabi/12.2.0/../../../../arm-none-eabi/lib/thumb/v7e-m+fp/hard/libc_nano.a(lib_a-memset.o)
 .ARM.attributes
                0x00000428       0x34 /usr/lib/gcc/arm-none-eabi/12.2.0/../../../../arm-none-eabi/lib/thumb/v7e-m+fp/hard/libc_nano.a(lib_a-nano-freer.o)
 .ARM.attributes
                0x0000045c       0x34 /usr/lib/gcc/arm-none-eabi/12.2.0/../../../../arm-none-eabi/lib/thumb/v7e-m+fp/hard/libc_nano.a(lib_a-nano-mallocr.o)
 .ARM.attributes
                0x00000490       0x34 /usr/lib/gcc/arm-none-eabi/12.2.0/../../../../arm-none-eabi/lib/thumb/v7e-m+fp/hard/libc_nano.a(lib_a-sbrkr.o)
 .ARM.attributes
                0x000004c4       0x34 /usr/lib/gcc/arm-none-eabi/12.2.0/../../../../arm-none-eabi/lib/thumb/v7e-m+fp/hard/libc_nano.a(lib_a-signal.o)
 .ARM.attributes
                0x000004f8       0x34 /usr/lib/gcc/arm-none-eabi/12.2.0/../../../../arm-none-eabi/lib/thumb/v7e-m+fp/hard/libc_nano.a(lib_a-signalr.o)
 .ARM.attributes
                0x0000052c       0x34 /usr/lib/gcc/arm-none-eabi/12.2.0/../../../../arm-none-eabi/lib/thumb/v7e-m+fp/hard/libc_nano.a(lib_a-stdio.o)
 .ARM.attributes
                0x00000560       0x34 /usr/lib/gcc/arm-none-eabi/12.2.0/../../../../arm-none-eabi/lib/thumb/v7e-m+fp/hard/libc_nano.a(lib_a-writer.o)
 .ARM.attributes
                0x00000594       0x34 /usr/lib/gcc/arm-none-eabi/12.2.0/../../../../arm-none-eabi/lib/thumb/v7e-m+fp/hard/libc_nano.a(lib_a-closer.o)
 .ARM.attributes
                0x000005c8       0x34 /usr/lib/gcc/arm-none-eabi/12.2.0/../../../../arm-none-eabi/lib/thumb/v7e-m+fp/hard/libc_nano.a(lib_a-fstatr.o)
 .ARM.attributes
                0x000005fc       0x34 /usr/lib/gcc/arm-none-eabi/12.2.0/../../../../arm-none-eabi/lib/thumb/v7e-m+fp/hard/libc_nano.a(lib_a-isattyr.o)
 .ARM.attributes
                0x00000630       0x34 /usr/lib/gcc/arm-none-eabi/12.2.0/../../../../arm-none-eabi/lib/thumb/v7e-m+fp/hard/libc_nano.a(lib_a-lseekr.o)
 .ARM.attributes
                0x00000664       0x34 /usr/lib/gcc/arm-none-eabi/12.2.0/../../../../arm-none-eabi/lib/thumb/v7e-m+fp/hard/libc_nano.a(lib_a-mlock.o)
 .ARM.attributes
                0x00000698       0x34 /usr/lib/gcc/arm-none-eabi/12.2.0/../../../../arm-none-eabi/lib/thumb/v7e-m+fp/hard/libc_nano.a(lib_a-readr.o)
 .ARM.attributes
                0x000006cc       0x34 /usr/lib/gcc/arm-none-eabi/12.2.0/../../../../arm-none-eabi/lib/thumb/v7e-m+fp/hard/libc_nano.a(lib_a-reent.o)
 .ARM.attributes
                0x00000700       0x34 /usr/lib/gcc/arm-none-eabi/12.2.0/../../../../arm-none-eabi/lib/thumb/v7e-m+fp/hard/libnosys.a(close.o)
 .ARM.attributes
                0x00000734       0x34 /usr/lib/gcc/arm-none-eabi/12.2.0/../../../../arm-none-eabi/lib/thumb/v7e-m+fp/hard/libnosys.a(fstat.o)
 .ARM.attributes
                0x00000768       0x34 /usr/lib/gcc/arm-none-eabi/12.2.0/../../../../arm-none-eabi/lib/thumb/v7e-m+fp/hard/libnosys.a(getpid.o)
 .ARM.attributes
                0x0000079c       0x34 /usr/lib/gcc/arm-none-eabi/12.2.0/../../../../arm-none-eabi/lib/thumb/v7e-m+fp/hard/libnosys.a(isatty.o)
 .ARM.attributes
                0x000007d0       0x34 /usr/lib/gcc/arm-none-eabi/12.2.0/../../../../arm-none-eabi/lib/thumb/v7e-m+fp/hard/libnosys.a(kill.o)
 .ARM.attributes
                0x00000804       0x34 /usr/lib/gcc/arm-none-eabi/12.2.0/../../../../arm-none-eabi/lib/thumb/v7e-m+fp/hard/libnosys.a(lseek.o)
 .ARM.attributes
                0x00000838       0x34 /usr/lib/gcc/arm-none-eabi/12.2.0/../../../../arm-none-eabi/lib/thumb/v7e-m+fp/hard/libnosys.a(read.o)
 .ARM.attributes
                0x0000086c       0x34 /usr/lib/gcc/arm-none-eabi/12.2.0/../../../../arm-none-eabi/lib/thumb/v7e-m+fp/hard/libnosys.a(sbrk.o)
 .ARM.attributes
                0x000008a0       0x34 /usr/lib/gcc/arm-none-eabi/12.2.0/../../../../arm-none-eabi/lib/thumb/v7e-m+fp/hard/libnosys.a(_exit.o)
 .ARM.attributes
                0x000008d4       0x34 /home/tatew/libopencm3/lib/libopencm3_stm32l4.a(gpio_common_all.o)
 .ARM.attributes
                0x00000908       0x34 /home/tatew/libopencm3/lib/libopencm3_stm32l4.a(gpio_common_f0234.o)
 .ARM.attributes
                0x0000093c       0x34 /home/tatew/libopencm3/lib/libopencm3_stm32l4.a(rcc.o)
 .ARM.attributes
                0x00000970       0x34 /home/tatew/libopencm3/lib/libopencm3_stm32l4.a(rcc_common_all.o)
 .ARM.attributes
                0x000009a4       0x34 /home/tatew/libopencm3/lib/libopencm3_stm32l4.a(timer_common_all.o)
 .ARM.attributes
                0x000009d8       0x34 /home/tatew/libopencm3/lib/libopencm3_stm32l4.a(usart_common_all.o)
 .ARM.attributes
                0x00000a0c       0x34 /home/tatew/libopencm3/lib/libopencm3_stm32l4.a(usart_common_v2.o)
 .ARM.attributes
                0x00000a40       0x34 /home/tatew/libopencm3/lib/libopencm3_stm32l4.a(vector.o)
 .ARM.attributes
                0x00000a74       0x34 /home/tatew/libopencm3/lib/libopencm3_stm32l4.a(nvic.o)

.debug_frame    0x00000000     0x1a90
 .debug_frame   0x00000000      0x25c build/m3.o